<html>
<body>
<pre>
<h1>礦ision Build Log</h1>
<h2>Tool Versions:</h2>
IDE-Version: μVision V5.36.0.0
Copyright (C) 2021 ARM Ltd and ARM Germany GmbH. All rights reserved.
License Information: ok ok, ok, LIC=JL28G-V51H9-8T73P-M8FYN-49UMQ-VIG0W
 
Tool Versions:
Toolchain:       MDK-ARM Plus  Version: 5.36.0.0
Toolchain Path:  D:\Embedded\MDK536\ARM\ARMCC\Bin
C Compiler:      Armcc.exe V5.06 update 7 (build 960)
Assembler:       Armasm.exe V5.06 update 7 (build 960)
Linker/Locator:  ArmLink.exe V5.06 update 7 (build 960)
Library Manager: ArmAr.exe V5.06 update 7 (build 960)
Hex Converter:   FromElf.exe V5.06 update 7 (build 960)
CPU DLL:         SARMCM3.DLL V5.36.0.0
Dialog DLL:      DCM.DLL V1.17.3.0
Target DLL:      STLink\ST-LINKIII-KEIL_SWO.dll V3.0.9.0
Dialog DLL:      TCM.DLL V1.53.0.0
 
<h2>Project:</h2>
H:\13.Git_repositories_Local\Robot-Remoter\MDK Project\Remoter.uvprojx
Project File Date:  08/30/2026

<h2>Output:</h2>
*** Using Compiler 'V5.06 update 7 (build 960)', folder: 'D:\Embedded\MDK536\ARM\ARMCC\Bin'
Build target 'Remoter'
compiling palette.c...
compiling gt9xx.c...
..\5_ModuleDrivers\touch\gt9xx.c(781): warning:  #177-D: variable "i"  was declared but never referenced
      int32_t i = 0;
..\5_ModuleDrivers\touch\gt9xx.c(782): warning:  #177-D: variable "check_sum"  was declared but never referenced
      uint16_t check_sum = 0;
..\5_ModuleDrivers\touch\gt9xx.c(783): warning:  #177-D: variable "retry"  was declared but never referenced
      int32_t retry = 0;
..\5_ModuleDrivers\touch\gt9xx.c(785): warning:  #177-D: variable "cfg_info"  was declared but never referenced
      const uint8_t* cfg_info;
..\5_ModuleDrivers\touch\gt9xx.c(786): warning:  #177-D: variable "cfg_info_len"  was declared but never referenced
      uint8_t cfg_info_len  ;
..\5_ModuleDrivers\touch\gt9xx.c(787): warning:  #177-D: variable "config"  was declared but never referenced
  	uint8_t* config;
..\5_ModuleDrivers\touch\gt9xx.c(789): warning:  #177-D: variable "cfg_num"  was declared but never referenced
      uint8_t cfg_num =0 ;		//需要配置的寄存器个数
..\5_ModuleDrivers\touch\gt9xx.c: 7 warnings, 0 errors
compiling gui.c...
..\1_App\gui.c(216): warning:  #167-D: argument of type "void (*)(UG_U16, UG_U16, UG_COLOR)" is incompatible with parameter of type "void (*)(UG_S16, UG_S16, UG_COLOR)"
  		UG_Init(&gui, (void(*)(UG_U16,UG_U16,UG_COLOR))_HW_DrawPoint,800,480);
..\1_App\gui.c: 1 warning, 0 errors
linking...
Program Size: Code=80580 RO-data=202656 RW-data=1012 ZI-data=66916  
FromELF: creating hex file...
".\Output\Remoter.axf" - 0 Error(s), 8 Warning(s).

<h2>Software Packages used:</h2>

Package Vendor: Keil
                https://www.keil.com/pack/Keil.STM32F4xx_DFP.2.17.1.pack
                Keil.STM32F4xx_DFP.2.17.1
                STMicroelectronics STM32F4 Series Device Support, Drivers and Examples

<h2>Collection of Component include folders:</h2>
  D:\Embedded\MDK536 Packs\Keil\STM32F4xx_DFP\2.17.1\Drivers\CMSIS\Device\ST\STM32F4xx\Include

<h2>Collection of Component Files used:</h2>
Build Time Elapsed:  00:00:01
</pre>
</body>
</html>
