Component: ARM Compiler 5.06 update 7 (build 960) Tool: armlink [4d3601]

==============================================================================

Section Cross References

    main.o(i.hardware_test) refers to eeprom_test.o(i.eeprom_test) for eeprom_test
    main.o(i.hardware_test) refers to flash_test.o(i.flash_test) for flash_test
    main.o(i.hardware_test) refers to sram_test.o(i.sram_read_write_test) for sram_read_write_test
    main.o(i.hardware_test) refers to printfa.o(i.__0printf) for __2printf
    main.o(i.hardware_test) refers to fatfs_flash_test.o(i.fatfs_flash_test) for fatfs_flash_test
    main.o(i.hardware_test) refers to fatfs_flash_test.o(i.fatfs_flash_test2) for fatfs_flash_test2
    main.o(i.hardware_test) refers to fatfs_sdcard_test.o(i.fatfs_sdcard_test) for fatfs_sdcard_test
    main.o(i.hardware_test) refers to ff.o(i.f_mount) for f_mount
    main.o(i.hardware_test) refers to bsp_bmp.o(i.LCD_Show_BMP) for LCD_Show_BMP
    main.o(i.hardware_test) refers to bsp_systick.o(i.Delay_us) for Delay_us
    main.o(i.hardware_test) refers to jpgport.o(i.jpgDisplay) for jpgDisplay
    main.o(i.hardware_test) refers to printfa.o(i.__0sprintf) for __2sprintf
    main.o(i.hardware_test) refers to bsp_bmp.o(i.Screen_Shot) for Screen_Shot
    main.o(i.hardware_test) refers to bsp_fsmc_lcd.o(i.LCD_GetFont) for LCD_GetFont
    main.o(i.hardware_test) refers to bsp_fsmc_lcd.o(i.ILI9806G_DispStringLine_EN_CH) for ILI9806G_DispStringLine_EN_CH
    main.o(i.hardware_test) refers to bsp_fsmc_lcd.o(i.ILI9806G_DisplayStringEx) for ILI9806G_DisplayStringEx
    main.o(i.hardware_test) refers to common.o(i.USART_printf) for USART_printf
    main.o(i.hardware_test) refers to fatfs_flash_test.o(.bss) for fs
    main.o(i.hardware_test) refers to main.o(.data) for .data
    main.o(i.hardware_test) refers to bsp_fsmc_lcd.o(.data) for LCD_Y_LENGTH
    main.o(i.main) refers to main.o(i.setup) for setup
    main.o(i.main) refers to main.o(i.hardware_test) for hardware_test
    main.o(i.main) refers to bsp_fsmc_lcd.o(i.LCD_SetFont) for LCD_SetFont
    main.o(i.main) refers to bsp_fsmc_lcd.o(i.LCD_SetColors) for LCD_SetColors
    main.o(i.main) refers to bsp_fsmc_lcd.o(i.ILI9806G_Clear) for ILI9806G_Clear
    main.o(i.main) refers to menu.o(i.menu_init) for menu_init
    main.o(i.main) refers to menu.o(i.menu_process) for menu_process
    main.o(i.main) refers to param.o(i.read_param) for read_param
    main.o(i.main) refers to f2d.o(.text) for __aeabi_f2d
    main.o(i.main) refers to printfa.o(i.__0printf) for __2printf
    main.o(i.main) refers to bsp_basic_tim6.o(i.BASIC_TIM6_Configuration) for BASIC_TIM6_Configuration
    main.o(i.main) refers to bsp_general_tim2.o(i.GENERAL_TIM2_InitConfiguration) for GENERAL_TIM2_InitConfiguration
    main.o(i.main) refers to bsp_general_tim3.o(i.GENERAL_TIM3_InitConfiguration) for GENERAL_TIM3_InitConfiguration
    main.o(i.main) refers to bsp_general_tim4.o(i.GENERAL_TIM4_InitConfiguration) for GENERAL_TIM4_InitConfiguration
    main.o(i.main) refers to bsp_general_tim5.o(i.GENERAL_TIM5_InitConfiguration) for GENERAL_TIM5_InitConfiguration
    main.o(i.main) refers to inv_mpu.o(i.mpu_dmp_get_data) for mpu_dmp_get_data
    main.o(i.main) refers to bsp_mpu6050.o(i.MPU_Get_Temperature) for MPU_Get_Temperature
    main.o(i.main) refers to nmea_decode_test.o(i.nmea_decode_test) for nmea_decode_test
    main.o(i.main) refers to bsp_rtc.o(i.RTC_TimeAndDate_Show) for RTC_TimeAndDate_Show
    main.o(i.main) refers to multi_button.o(i.button_ticks) for button_ticks
    main.o(i.main) refers to menu.o(i.menu_tick_10ms) for menu_tick_10ms
    main.o(i.main) refers to fonts.o(.data) for Font16x32
    main.o(i.main) refers to bsp_fsmc_lcd.o(.data) for LCD_Y_LENGTH
    main.o(i.main) refers to param.o(.bss) for param
    main.o(i.main) refers to main.o(.data) for .data
    main.o(i.setup) refers to bsp_systick.o(i.SysTick_Init) for SysTick_Init
    main.o(i.setup) refers to bsp_exti.o(i.Exti_Init) for Exti_Init
    main.o(i.setup) refers to misc.o(i.NVIC_PriorityGroupConfig) for NVIC_PriorityGroupConfig
    main.o(i.setup) refers to bsp_usart_debug.o(i.Debug_USART_Config) for Debug_USART_Config
    main.o(i.setup) refers to bsp_usart_extra.o(i.EXPAND_USART_Config) for EXPAND_USART_Config
    main.o(i.setup) refers to bsp_rtc.o(i.RTC_Config) for RTC_Config
    main.o(i.setup) refers to bsp_gpio_led.o(i.LED_GPIO_Config) for LED_GPIO_Config
    main.o(i.setup) refers to bsp_gpio_stick.o(i.STICK_GPIO_Config) for STICK_GPIO_Config
    main.o(i.setup) refers to bsp_i2c_eeprom.o(i.EEPROM_I2C_Init) for EEPROM_I2C_Init
    main.o(i.setup) refers to bsp_spi_flash.o(i.FLASH_SPI_Init) for FLASH_SPI_Init
    main.o(i.setup) refers to bsp_spi_nrf.o(i.NRF_SPI_Init) for NRF_SPI_Init
    main.o(i.setup) refers to bsp_fsmc_sram.o(i.SRAM_FSMC_Config) for SRAM_FSMC_Config
    main.o(i.setup) refers to bsp_fsmc_lcd.o(i.ILI9806G_Init) for ILI9806G_Init
[...]
    obj_buff_wnd_1                           0x200004b8   Data         320  gui.o(.bss)
    displayBuffer                            0x200005f8   Data         100  gui.o(.bss)
    param                                    0x2000065c   Data         120  param.o(.bss)
    flash_read_buf                           0x200006d4   Data        1024  flash_test.o(.bss)
    flash_write_buf                          0x20000ad4   Data        1024  flash_test.o(.bss)
    info                                     0x20000ed8   Data        1632  nmea_decode_test.o(.bss)
    parser                                   0x20001538   Data          20  nmea_decode_test.o(.bss)
    beiJingTime                              0x2000154c   Data          28  nmea_decode_test.o(.bss)
    rxbuf                                    0x20001568   Data          32  platform_nrf.o(.bss)
    txbuf                                    0x20001588   Data          32  platform_nrf.o(.bss)
    fatfs_read_buff                          0x20001668   Data         512  fatfs_flash_test.o(.bss)
    fs                                       0x20001a68   Data        4144  fatfs_flash_test.o(.bss)
    fnew_flash                               0x20002a98   Data        4132  fatfs_flash_test.o(.bss)
    fpath                                    0x20003abc   Data         100  fatfs_flash_test.o(.bss)
    fno                                      0x20003b20   Data          32  fatfs_flash_test.o(.bss)
    fnew_sdcard                              0x20003b40   Data        4132  fatfs_flash_test.o(.bss)
    txt_buff                                 0x20004b64   Data         256  parse.o(.bss)
    gps_rbuff                                0x20004c64   Data         512  bsp_usart_gps.o(.bss)
    ADC1_Value                               0x20004e64   Data          14  bsp_adc1_independent_dual.o(.bss)
    SDCardInfo                               0x20004ea8   Data          88  bsp_sdio_sd.o(.bss)
    SDIO_InitStructure                       0x20004f00   Data          24  bsp_sdio_sd.o(.bss)
    SDIO_CmdInitStructure                    0x20004f18   Data          20  bsp_sdio_sd.o(.bss)
    SDIO_DataInitStructure                   0x20004f2c   Data          24  bsp_sdio_sd.o(.bss)
    zoomBuff                                 0x20004f44   Data       16384  bsp_fsmc_lcd.o(.bss)
    zoomTempBuff                             0x20008f44   Data        1024  bsp_fsmc_lcd.o(.bss)
    pColorData                               0x200093c4   Data         960  bsp_bmp.o(.bss)
    bmpfsrc                                  0x20009784   Data        4132  bsp_bmp.o(.bss)
    button                                   0x2000a7a8   Data         432  palette.o(.bss)
    __heap_base                              0x2000a958   Data           0  startup_stm32f40xx.o(HEAP)
    __heap_limit                             0x2000e958   Data           0  startup_stm32f40xx.o(HEAP)
    __initial_sp                             0x20010958   Data           0  startup_stm32f40xx.o(STACK)



==============================================================================

Memory Map of the image

  Image Entry point : 0x08000189

  Load Region LR_IROM1 (Base: 0x08000000, Size: 0x00045658, Max: 0x00100000, ABSOLUTE, COMPRESSED[0x00045334])

    Execution Region ER_IROM1 (Exec base: 0x08000000, Load base: 0x08000000, Size: 0x00045264, Max: 0x00100000, ABSOLUTE)

    Exec Addr    Load Addr    Size         Type   Attr      Idx    E Section Name        Object

    0x08000000   0x08000000   0x00000188   Data   RO        10266    RESET               startup_stm32f40xx.o
    0x08000188   0x08000188   0x00000000   Code   RO        10626  * .ARM.Collect$$$$00000000  mc_w.l(entry.o)
    0x08000188   0x08000188   0x00000004   Code   RO        11030    .ARM.Collect$$$$00000001  mc_w.l(entry2.o)
    0x0800018c   0x0800018c   0x00000004   Code   RO        11033    .ARM.Collect$$$$00000004  mc_w.l(entry5.o)
    0x08000190   0x08000190   0x00000000   Code   RO        11035    .ARM.Collect$$$$00000008  mc_w.l(entry7b.o)
    0x08000190   0x08000190   0x00000000   Code   RO        11037    .ARM.Collect$$$$0000000A  mc_w.l(entry8b.o)
    0x08000190   0x08000190   0x00000008   Code   RO        11038    .ARM.Collect$$$$0000000B  mc_w.l(entry9a.o)
    0x08000198   0x08000198   0x00000004   Code   RO        11045    .ARM.Collect$$$$0000000E  mc_w.l(entry12b.o)
    0x0800019c   0x0800019c   0x00000000   Code   RO        11040    .ARM.Collect$$$$0000000F  mc_w.l(entry10a.o)
    0x0800019c   0x0800019c   0x00000000   Code   RO        11042    .ARM.Collect$$$$00000011  mc_w.l(entry11a.o)
    0x0800019c   0x0800019c   0x00000004   Code   RO        11031    .ARM.Collect$$$$00002712  mc_w.l(entry2.o)
    0x080001a0   0x080001a0   0x00000024   Code   RO        10267    .text               startup_stm32f40xx.o
    0x080001c4   0x080001c4   0x00000062   Code   RO        10629    .text               mc_w.l(uldiv.o)
    0x08000226   0x08000226   0x00000062   Code   RO        10631    .text               mc_w.l(ldiv.o)
    0x08000288   0x08000288   0x00000008   Code   RO        10633    .text               mc_w.l(ctype_o.o)
    0x08000290   0x08000290   0x00000012   Code   RO        10655    .text               mc_w.l(isspace_o.o)
    0x080002a2   0x080002a2   0x00000024   Code   RO        10664    .text               mc_w.l(memcpya.o)
    0x080002c6   0x080002c6   0x00000024   Code   RO        10666    .text               mc_w.l(memseta.o)
    0x080002ea   0x080002ea   0x0000000e   Code   RO        10668    .text               mc_w.l(strlen.o)
    0x080002f8   0x080002f8   0x00000014   Code   RO        10670    .text               mc_w.l(memchr.o)
    0x0800030c   0x0800030c   0x0000001a   Code   RO        10672    .text               mc_w.l(memcmp.o)
    0x08000326   0x08000326   0x00000012   Code   RO        10674    .text               mc_w.l(strcpy.o)
    0x08000338   0x08000338   0x00000070   Code   RO        10967    .text               mc_w.l(strtol.o)
    0x080003a8   0x080003a8   0x0000014e   Code   RO        10969    .text               mf_w.l(dadd.o)
    0x080004f6   0x080004f6   0x000000e4   Code   RO        10971    .text               mf_w.l(dmul.o)
    0x080005da   0x080005da   0x000000de   Code   RO        10973    .text               mf_w.l(ddiv.o)
    0x080006b8   0x080006b8   0x00000022   Code   RO        10977    .text               mf_w.l(dflti.o)
    0x080006da   0x080006da   0x0000003e   Code   RO        10981    .text               mf_w.l(dfixi.o)
    0x08000718   0x08000718   0x00000026   Code   RO        10983    .text               mf_w.l(f2d.o)
    0x0800073e   0x0800073e   0x00000002   PAD
    0x08000740   0x08000740   0x00000030   Code   RO        10985    .text               mf_w.l(cdcmple.o)
    0x08000770   0x08000770   0x00000030   Code   RO        10987    .text               mf_w.l(cdrcmple.o)
    0x080007a0   0x080007a0   0x00000038   Code   RO        10989    .text               mf_w.l(d2f.o)
    0x080007d8   0x080007d8   0x0000002c   Code   RO        11047    .text               mc_w.l(uidiv.o)
    0x08000804   0x08000804   0x0000001e   Code   RO        11049    .text               mc_w.l(llshl.o)
    0x08000822   0x08000822   0x00000020   Code   RO        11051    .text               mc_w.l(llushr.o)
    0x08000842   0x08000842   0x00000024   Code   RO        11053    .text               mc_w.l(llsshr.o)
    0x08000866   0x08000866   0x0000009e   Code   RO        11064    .text               mc_w.l(_strtoul.o)
    0x08000904   0x08000904   0x0000009c   Code   RO        11066    .text               mc_w.l(strtod.o)
    0x080009a0   0x080009a0   0x00000000   Code   RO        11068    .text               mc_w.l(iusefp.o)
    0x080009a0   0x080009a0   0x0000006e   Code   RO        11069    .text               mf_w.l(fepilogue.o)
    0x08000a0e   0x08000a0e   0x000000ba   Code   RO        11071    .text               mf_w.l(depilogue.o)
    0x08000ac8   0x08000ac8   0x000000a2   Code   RO        11075    .text               mf_w.l(dsqrt.o)
    0x08000b6a   0x08000b6a   0x00000030   Code   RO        11077    .text               mf_w.l(dfixul.o)
    0x08000b9a   0x08000b9a   0x00000002   PAD
    0x08000b9c   0x08000b9c   0x00000024   Code   RO        11079    .text               mc_w.l(init.o)
    0x08000bc0   0x08000bc0   0x0000001c   Code   RO        11083    .text               mc_w.l(_chval.o)
    0x08000bdc   0x08000bdc   0x00000360   Code   RO        11085    .text               mc_w.l(scanf_fp.o)
    0x08000f3c   0x08000f3c   0x00000040   Code   RO        11089    .text               mc_w.l(_sgetc.o)
    0x08000f7c   0x08000f7c   0x00000018   Code   RO        11094    .text               mf_w.l(dfltul.o)
    0x08000f94   0x08000f94   0x00000056   Code   RO        11104    .text               mc_w.l(__dczerorl2.o)
    0x08000fea   0x08000fea   0x00000018   Code   RO         6372    i.ADC_Cmd           stm32f4xx_adc.o
    0x08001002   0x08001002   0x00000002   PAD
    0x08001004   0x08001004   0x00000028   Code   RO         6373    i.ADC_CommonInit    stm32f4xx_adc.o
    0x0800102c   0x0800102c   0x00000018   Code   RO         6376    i.ADC_DMACmd        stm32f4xx_adc.o
    0x08001044   0x08001044   0x00000018   Code   RO         6377    i.ADC_DMARequestAfterLastTransferCmd  stm32f4xx_adc.o
    0x0800105c   0x0800105c   0x0000004c   Code   RO         6392    i.ADC_Init          stm32f4xx_adc.o
    0x080010a8   0x080010a8   0x00000074   Code   RO         6397    i.ADC_RegularChannelConfig  stm32f4xx_adc.o
    0x0800111c   0x0800111c   0x0000000a   Code   RO         6399    i.ADC_SoftwareStartConv  stm32f4xx_adc.o
    0x08001126   0x08001126   0x00000014   Code   RO         6401    i.ADC_StructInit    stm32f4xx_adc.o
    0x0800113a   0x0800113a   0x00000016   Code   RO         5144    i.BASIC_TIM6_Configuration  bsp_basic_tim6.o
    0x08001150   0x08001150   0x00000040   Code   RO         5145    i.BASIC_TIM6_Mode_Config  bsp_basic_tim6.o
    0x08001190   0x08001190   0x0000002a   Code   RO         5146    i.BASIC_TIM6_NVIC_Config  bsp_basic_tim6.o
    0x080011ba   0x080011ba   0x00000002   PAD
    0x080011bc   0x080011bc   0x00000054   Code   RO         4112    i.BUTTON_GPIO_Config  bsp_gpio_button.o
    0x08001210   0x08001210   0x00000002   Code   RO        10274    i.BusFault_Handler  stm32f4xx_it.o
    0x08001212   0x08001212   0x0000002a   Code   RO         5212    i.CmdError          bsp_sdio_sd.o
    0x0800123c   0x0800123c   0x000000fc   Code   RO         5213    i.CmdResp1Error     bsp_sdio_sd.o
    0x08001338   0x08001338   0x00000044   Code   RO         5214    i.CmdResp2Error     bsp_sdio_sd.o
    0x0800137c   0x0800137c   0x00000034   Code   RO         5215    i.CmdResp3Error     bsp_sdio_sd.o
    0x080013b0   0x080013b0   0x00000080   Code   RO         5216    i.CmdResp6Error     bsp_sdio_sd.o
    0x08001430   0x08001430   0x00000044   Code   RO         5217    i.CmdResp7Error     bsp_sdio_sd.o
    0x08001474   0x08001474   0x00000030   Code   RO         6036    i.Command_Clear_Palette  palette.o
    0x080014a4   0x080014a4   0x00000018   Code   RO         6037    i.Command_Select_Brush  palette.o
    0x080014bc   0x080014bc   0x00000024   Code   RO         6038    i.Command_Select_Color  palette.o
    0x080014e0   0x080014e0   0x00000058   Code   RO        10275    i.DMA2_Stream1_IRQHandler  stm32f4xx_it.o
    0x08001538   0x08001538   0x00000004   Code   RO         5218    i.DMA2_Stream3_IRQHandler  bsp_sdio_sd.o
    0x0800153c   0x0800153c   0x0000002c   Code   RO         7001    i.DMA_ClearFlag     stm32f4xx_dma.o
    0x08001568   0x08001568   0x0000002c   Code   RO         7002    i.DMA_ClearITPendingBit  stm32f4xx_dma.o
    0x08001594   0x08001594   0x00000018   Code   RO         7003    i.DMA_Cmd           stm32f4xx_dma.o
    0x080015ac   0x080015ac   0x0000012c   Code   RO         7004    i.DMA_DeInit        stm32f4xx_dma.o
    0x080016d8   0x080016d8   0x00000018   Code   RO         7007    i.DMA_FlowControllerConfig  stm32f4xx_dma.o
    0x080016f0   0x080016f0   0x0000000e   Code   RO         7008    i.DMA_GetCmdStatus  stm32f4xx_dma.o
    0x080016fe   0x080016fe   0x00000002   PAD
    0x08001700   0x08001700   0x00000054   Code   RO         7013    i.DMA_GetITStatus   stm32f4xx_dma.o
    0x08001754   0x08001754   0x00000032   Code   RO         7014    i.DMA_ITConfig      stm32f4xx_dma.o
    0x08001786   0x08001786   0x00000002   PAD
    0x08001788   0x08001788   0x00000054   Code   RO         7015    i.DMA_Init          stm32f4xx_dma.o
    0x080017dc   0x080017dc   0x00000002   Code   RO        10276    i.DebugMon_Handler  stm32f4xx_it.o
    0x080017de   0x080017de   0x00000002   PAD
    0x080017e0   0x080017e0   0x000000b4   Code   RO         4172    i.Debug_USART_Config  bsp_usart_debug.o
    0x08001894   0x08001894   0x00000012   Code   RO         4645    i.Delay             bsp_i2c_touch.o
    0x080018a6   0x080018a6   0x00000002   PAD
    0x080018a8   0x080018a8   0x00000014   Code   RO         6129    i.Delay_us          bsp_systick.o
    0x080018bc   0x080018bc   0x00000044   Code   RO          394    i.Draw_Board        gui.o
    0x08001900   0x08001900   0x00000104   Code   RO         6039    i.Draw_Clear_Button  palette.o
    0x08001a04   0x08001a04   0x00000074   Code   RO         6040    i.Draw_Color_Button  palette.o
    0x08001a78   0x08001a78   0x000002c8   Code   RO         6041    i.Draw_Shape_Button  palette.o
    0x08001d40   0x08001d40   0x00000168   Code   RO         6042    i.Draw_Trail        palette.o
    0x08001ea8   0x08001ea8   0x000000dc   Code   RO         4561    i.EEPROM_Byte_Write  bsp_i2c_eeprom.o
    0x08001f84   0x08001f84   0x00000070   Code   RO         4562    i.EEPROM_I2C_GPIO_Config  bsp_i2c_eeprom.o
    0x08001ff4   0x08001ff4   0x0000000e   Code   RO         4563    i.EEPROM_I2C_Init   bsp_i2c_eeprom.o
    0x08002002   0x08002002   0x00000002   PAD
    0x08002004   0x08002004   0x00000054   Code   RO         4564    i.EEPROM_I2C_MODE_Config  bsp_i2c_eeprom.o
    0x08002058   0x08002058   0x000000f4   Code   RO         4565    i.EEPROM_Page_Write  bsp_i2c_eeprom.o
    0x0800214c   0x0800214c   0x00000138   Code   RO         4566    i.EEPROM_Random_Read  bsp_i2c_eeprom.o
    0x08002284   0x08002284   0x0000015c   Code   RO         4567    i.EEPROM_Sequential_Read  bsp_i2c_eeprom.o
    0x080023e0   0x080023e0   0x00000040   Code   RO         4568    i.EEPROM_Sequential_Write  bsp_i2c_eeprom.o
    0x08002420   0x08002420   0x00000098   Code   RO         4569    i.EEPROM_Sequential_Write_Update  bsp_i2c_eeprom.o
    0x080024b8   0x080024b8   0x000000a4   Code   RO         4309    i.EXPAND_USART_Config  bsp_usart_extra.o
    0x0800255c   0x0800255c   0x00000020   Code   RO        10277    i.EXTI15_10_IRQHandler  stm32f4xx_it.o
    0x0800257c   0x0800257c   0x0000001c   Code   RO        10278    i.EXTI9_5_IRQHandler  stm32f4xx_it.o
    0x08002598   0x08002598   0x0000000c   Code   RO         7269    i.EXTI_ClearITPendingBit  stm32f4xx_exti.o
    0x080025a4   0x080025a4   0x00000014   Code   RO         7273    i.EXTI_GetITStatus  stm32f4xx_exti.o
    0x080025b8   0x080025b8   0x00000074   Code   RO         7274    i.EXTI_Init         stm32f4xx_exti.o
    0x0800262c   0x0800262c   0x00000054   Code   RO         4915    i.EXTI_MPU_Config   bsp_mpu6050_exti.o
    0x08002680   0x08002680   0x00000034   Code   RO         4570    i.Error_CallBack    bsp_i2c_eeprom.o
    0x080026b4   0x080026b4   0x00000002   Code   RO         6183    i.ExtiGpioInit      bsp_exti.o
    0x080026b6   0x080026b6   0x00000002   Code   RO         6184    i.ExtiModeInit      bsp_exti.o
    0x080026b8   0x080026b8   0x00000002   Code   RO         6185    i.ExtiNvicInit      bsp_exti.o
    0x080026ba   0x080026ba   0x00000012   Code   RO         6186    i.Exti_Init         bsp_exti.o
    0x080026cc   0x080026cc   0x00000054   Code   RO         4339    i.FLASH_Erase_Sectors  bsp_spi_flash.o
    0x08002720   0x08002720   0x00000034   Code   RO         4340    i.FLASH_Error_CallBack  bsp_spi_flash.o
    0x08002754   0x08002754   0x0000005c   Code   RO         4342    i.FLASH_Read_Data   bsp_spi_flash.o
    0x080027b0   0x080027b0   0x00000040   Code   RO         4343    i.FLASH_Read_DeviceID  bsp_spi_flash.o
    0x080027f0   0x080027f0   0x0000004c   Code   RO         4344    i.FLASH_Read_FlashID  bsp_spi_flash.o
    0x0800283c   0x0800283c   0x00000006   Code   RO         4345    i.FLASH_Receive_Byte  bsp_spi_flash.o
    0x08002842   0x08002842   0x00000002   PAD
    0x08002844   0x08002844   0x000000cc   Code   RO         4346    i.FLASH_SPI_GPIO_Config  bsp_spi_flash.o
    0x08002910   0x08002910   0x0000001c   Code   RO         4347    i.FLASH_SPI_Init    bsp_spi_flash.o
    0x0800292c   0x0800292c   0x0000005c   Code   RO         4348    i.FLASH_SPI_MODE_Config  bsp_spi_flash.o
    0x08002988   0x08002988   0x00000074   Code   RO         4349    i.FLASH_Send_Byte   bsp_spi_flash.o
    0x080029fc   0x080029fc   0x000000d4   Code   RO         4351    i.FLASH_Write_Data  bsp_spi_flash.o
    0x08002ad0   0x08002ad0   0x000000d0   Code   RO         4354    i.FLASH_Write_Page_v3  bsp_spi_flash.o
    0x08002ba0   0x08002ba0   0x00000024   Code   RO         7657    i.FSMC_NORSRAMCmd   stm32f4xx_fsmc.o
    0x08002bc4   0x08002bc4   0x000000e8   Code   RO         7659    i.FSMC_NORSRAMInit  stm32f4xx_fsmc.o
    0x08002cac   0x08002cac   0x00000178   Code   RO         5219    i.FindSCR           bsp_sdio_sd.o
    0x08002e24   0x08002e24   0x00000050   Code   RO         4355    i.Flash_Wait_For_Standby  bsp_spi_flash.o
    0x08002e74   0x08002e74   0x00000028   Code   RO         4356    i.Flash_Write_Enable  bsp_spi_flash.o
    0x08002e9c   0x08002e9c   0x0000000e   Code   RO         5018    i.GENERAL_TIM2_InitConfiguration  bsp_general_tim2.o
    0x08002eaa   0x08002eaa   0x00000046   Code   RO         5019    i.GENERAL_TIM2_Mode_Config  bsp_general_tim2.o
    0x08002ef0   0x08002ef0   0x0000002a   Code   RO         5020    i.GENERAL_TIM2_NVIC_Config  bsp_general_tim2.o
    0x08002f1a   0x08002f1a   0x0000000e   Code   RO         5052    i.GENERAL_TIM3_InitConfiguration  bsp_general_tim3.o
    0x08002f28   0x08002f28   0x00000048   Code   RO         5053    i.GENERAL_TIM3_Mode_Config  bsp_general_tim3.o
    0x08002f70   0x08002f70   0x0000002a   Code   RO         5054    i.GENERAL_TIM3_NVIC_Config  bsp_general_tim3.o
    0x08002f9a   0x08002f9a   0x00000016   Code   RO         5086    i.GENERAL_TIM4_InitConfiguration  bsp_general_tim4.o
    0x08002fb0   0x08002fb0   0x00000080   Code   RO         5087    i.GENERAL_TIM4_Mode_Config  bsp_general_tim4.o
    0x08003030   0x08003030   0x00000022   Code   RO         5088    i.GENERAL_TIM4_NVIC_Config  bsp_general_tim4.o
    0x08003052   0x08003052   0x00000002   PAD
    0x08003054   0x08003054   0x0000005c   Code   RO         5120    i.GENERAL_TIM5_InitConfiguration  bsp_general_tim5.o
    0x080030b0   0x080030b0   0x00000144   Code   RO         4237    i.GMTconvert        bsp_usart_gps.o
    0x080031f4   0x080031f4   0x0000007c   Code   RO         7782    i.GPIO_Init         stm32f4xx_gpio.o
    0x08003270   0x08003270   0x00000020   Code   RO         7783    i.GPIO_PinAFConfig  stm32f4xx_gpio.o
    0x08003290   0x08003290   0x0000000e   Code   RO         7786    i.GPIO_ReadInputDataBit  stm32f4xx_gpio.o
    0x0800329e   0x0800329e   0x00000004   Code   RO         7789    i.GPIO_ResetBits    stm32f4xx_gpio.o
    0x080032a2   0x080032a2   0x00000004   Code   RO         7790    i.GPIO_SetBits      stm32f4xx_gpio.o
    0x080032a6   0x080032a6   0x00000002   PAD
    0x080032a8   0x080032a8   0x00000098   Code   RO         4238    i.GPS_DMA_Config    bsp_usart_gps.o
    0x08003340   0x08003340   0x00000028   Code   RO         4239    i.GPS_DMA_Interrupt_Config  bsp_usart_gps.o
    0x08003368   0x08003368   0x00000098   Code   RO         4240    i.GPS_USART_Config  bsp_usart_gps.o
    0x08003400   0x08003400   0x000000d8   Code   RO         5890    i.GTP_Get_Info      gt9xx.o
    0x080034d8   0x080034d8   0x0000006c   Code   RO         5891    i.GTP_I2C_Read      gt9xx.o
    0x08003544   0x08003544   0x00000088   Code   RO         5893    i.GTP_I2C_Test      gt9xx.o
    0x080035cc   0x080035cc   0x00000050   Code   RO         5894    i.GTP_I2C_Write     gt9xx.o
    0x0800361c   0x0800361c   0x00000058   Code   RO         5897    i.GTP_Init_Panel    gt9xx.o
    0x08003674   0x08003674   0x000000a8   Code   RO         5898    i.GTP_Map_To_LCD    gt9xx.o
    0x0800371c   0x0800371c   0x0000020c   Code   RO         5899    i.GTP_Read_Version  gt9xx.o
    0x08003928   0x08003928   0x00000004   Code   RO         5902    i.GTP_TouchProcess  gt9xx.o
    0x0800392c   0x0800392c   0x00000044   Code   RO         5903    i.GTP_Touch_Down    gt9xx.o
    0x08003970   0x08003970   0x00000028   Code   RO         5904    i.GTP_Touch_Up      gt9xx.o
    0x08003998   0x08003998   0x00000074   Code   RO         5854    i.GetGBKCode_from_EXFlash  fonts.o
    0x08003a0c   0x08003a0c   0x000001d4   Code   RO         5906    i.Goodix_TS_Work_Func  gt9xx.o
    0x08003be0   0x08003be0   0x00000018   Code   RO        10280    i.HardFault_Handler  stm32f4xx_it.o
    0x08003bf8   0x08003bf8   0x00000018   Code   RO         7884    i.I2C_AcknowledgeConfig  stm32f4xx_i2c.o
    0x08003c10   0x08003c10   0x00000018   Code   RO         7887    i.I2C_CheckEvent    stm32f4xx_i2c.o
    0x08003c28   0x08003c28   0x00000018   Code   RO         7890    i.I2C_Cmd           stm32f4xx_i2c.o
    0x08003c40   0x08003c40   0x0000008c   Code   RO         4646    i.I2C_GPIO_Config   bsp_i2c_touch.o
    0x08003ccc   0x08003ccc   0x0000006c   Code   RO         4647    i.I2C_GTP_IRQDisable  bsp_i2c_touch.o
    0x08003d38   0x08003d38   0x0000006c   Code   RO         4648    i.I2C_GTP_IRQEnable  bsp_i2c_touch.o
    0x08003da4   0x08003da4   0x00000018   Code   RO         7898    i.I2C_GenerateSTART  stm32f4xx_i2c.o
    0x08003dbc   0x08003dbc   0x00000018   Code   RO         7899    i.I2C_GenerateSTOP  stm32f4xx_i2c.o
    0x08003dd4   0x08003dd4   0x000000bc   Code   RO         7905    i.I2C_Init          stm32f4xx_i2c.o
    0x08003e90   0x08003e90   0x0000004a   Code   RO         4649    i.I2C_ReadBytes     bsp_i2c_touch.o
    0x08003eda   0x08003eda   0x00000006   Code   RO         7910    i.I2C_ReceiveData   stm32f4xx_i2c.o
    0x08003ee0   0x08003ee0   0x00000078   Code   RO         4650    i.I2C_ResetChip     bsp_i2c_touch.o
    0x08003f58   0x08003f58   0x00000012   Code   RO         7912    i.I2C_Send7bitAddress  stm32f4xx_i2c.o
    0x08003f6a   0x08003f6a   0x00000004   Code   RO         7913    i.I2C_SendData      stm32f4xx_i2c.o
    0x08003f6e   0x08003f6e   0x00000012   Code   RO         4651    i.I2C_Touch_Init    bsp_i2c_touch.o
    0x08003f80   0x08003f80   0x00000044   Code   RO         5907    i.I2C_Transfer      gt9xx.o
    0x08003fc4   0x08003fc4   0x00000058   Code   RO         4652    i.I2C_WriteBytes    bsp_i2c_touch.o
    0x0800401c   0x0800401c   0x00000038   Code   RO         4759    i.IIC_Ack           bsp_i2c_mpu6050.o
    0x08004054   0x08004054   0x00000040   Code   RO         4760    i.IIC_Init          bsp_i2c_mpu6050.o
    0x08004094   0x08004094   0x00000038   Code   RO         4761    i.IIC_NAck          bsp_i2c_mpu6050.o
    0x080040cc   0x080040cc   0x00000068   Code   RO         4762    i.IIC_Read_Byte     bsp_i2c_mpu6050.o
    0x08004134   0x08004134   0x00000060   Code   RO         4763    i.IIC_Send_Byte     bsp_i2c_mpu6050.o
    0x08004194   0x08004194   0x00000038   Code   RO         4764    i.IIC_Start         bsp_i2c_mpu6050.o
    0x080041cc   0x080041cc   0x0000003c   Code   RO         4765    i.IIC_Stop          bsp_i2c_mpu6050.o
    0x08004208   0x08004208   0x00000054   Code   RO         4766    i.IIC_Wait_Ack      bsp_i2c_mpu6050.o
    0x0800425c   0x0800425c   0x0000001c   Code   RO         5524    i.ILI9806G_BackLed_Control  bsp_fsmc_lcd.o
    0x08004278   0x08004278   0x00000024   Code   RO         5525    i.ILI9806G_Clear    bsp_fsmc_lcd.o
    0x0800429c   0x0800429c   0x00000012   Code   RO         5527    i.ILI9806G_Delay    bsp_fsmc_lcd.o
    0x080042ae   0x080042ae   0x00000002   PAD
    0x080042b0   0x080042b0   0x00000078   Code   RO         5528    i.ILI9806G_DispChar_CH  bsp_fsmc_lcd.o
    0x08004328   0x08004328   0x00000070   Code   RO         5529    i.ILI9806G_DispChar_EN  bsp_fsmc_lcd.o
    0x08004398   0x08004398   0x0000004c   Code   RO         5530    i.ILI9806G_DispStringLine_EN  bsp_fsmc_lcd.o
    0x080043e4   0x080043e4   0x0000008c   Code   RO         5531    i.ILI9806G_DispStringLine_EN_CH  bsp_fsmc_lcd.o
    0x08004470   0x08004470   0x0000008c   Code   RO         5534    i.ILI9806G_DispString_EN_CH  bsp_fsmc_lcd.o
    0x080044fc   0x080044fc   0x000000e4   Code   RO         5537    i.ILI9806G_DisplayStringEx  bsp_fsmc_lcd.o
    0x080045e0   0x080045e0   0x0000004c   Code   RO         5539    i.ILI9806G_DrawChar_Ex  bsp_fsmc_lcd.o
    0x0800462c   0x0800462c   0x00000150   Code   RO         5540    i.ILI9806G_DrawCircle  bsp_fsmc_lcd.o
    0x0800477c   0x0800477c   0x0000009c   Code   RO         5541    i.ILI9806G_DrawLine  bsp_fsmc_lcd.o
    0x08004818   0x08004818   0x000000f4   Code   RO         6043    i.ILI9806G_DrawLineCircle  palette.o
    0x0800490c   0x0800490c   0x00000070   Code   RO         5543    i.ILI9806G_DrawRectangle  bsp_fsmc_lcd.o
    0x0800497c   0x0800497c   0x00000058   Code   RO         5544    i.ILI9806G_FSMC_Config  bsp_fsmc_lcd.o
    0x080049d4   0x080049d4   0x00000018   Code   RO         5546    i.ILI9806G_FillColor  bsp_fsmc_lcd.o
    0x080049ec   0x080049ec   0x0000021c   Code   RO         5547    i.ILI9806G_GPIO_Config  bsp_fsmc_lcd.o
    0x08004c08   0x08004c08   0x0000000e   Code   RO         5548    i.ILI9806G_GetPointPixel  bsp_fsmc_lcd.o
    0x08004c16   0x08004c16   0x00000002   PAD
    0x08004c18   0x08004c18   0x00000068   Code   RO         5549    i.ILI9806G_GramScan  bsp_fsmc_lcd.o
    0x08004c80   0x08004c80   0x00000034   Code   RO         5550    i.ILI9806G_Init     bsp_fsmc_lcd.o
    0x08004cb4   0x08004cb4   0x00000038   Code   RO         5551    i.ILI9806G_OpenWindow  bsp_fsmc_lcd.o
    0x08004cec   0x08004cec   0x000001f0   Code   RO         5552    i.ILI9806G_REG_Config  bsp_fsmc_lcd.o
    0x08004edc   0x08004edc   0x00000020   Code   RO         5553    i.ILI9806G_Read_PixelData  bsp_fsmc_lcd.o
    0x08004efc   0x08004efc   0x0000002c   Code   RO         5554    i.ILI9806G_Rst      bsp_fsmc_lcd.o
    0x08004f28   0x08004f28   0x00000008   Code   RO         5555    i.ILI9806G_SetCursor  bsp_fsmc_lcd.o
    0x08004f30   0x08004f30   0x00000028   Code   RO         5556    i.ILI9806G_SetPointPixel  bsp_fsmc_lcd.o
    0x08004f58   0x08004f58   0x000000f8   Code   RO         5557    i.ILI9806G_zoomChar  bsp_fsmc_lcd.o
    0x08005050   0x08005050   0x0000000e   Code   RO         4944    i.Independent_Dual_ADC1_Init  bsp_adc1_independent_dual.o
    0x0800505e   0x0800505e   0x0000000e   Code   RO         4981    i.Independent_Dual_ADC3_Init  bsp_adc3_independent_dual.o
    0x0800506c   0x0800506c   0x000000e0   Code   RO         4945    i.Independent_Mode_ADC1_GPIO_Config  bsp_adc1_independent_dual.o
    0x0800514c   0x0800514c   0x00000114   Code   RO         4946    i.Independent_Mode_ADC1_MODE_Config  bsp_adc1_independent_dual.o
    0x08005260   0x08005260   0x00000064   Code   RO         4982    i.Independent_Mode_ADC3_GPIO_Config  bsp_adc3_independent_dual.o
    0x080052c4   0x080052c4   0x000000e8   Code   RO         4983    i.Independent_Mode_ADC3_MODE_Config  bsp_adc3_independent_dual.o
    0x080053ac   0x080053ac   0x0000002c   Code   RO         4241    i.IsLeapYear        bsp_usart_gps.o
    0x080053d8   0x080053d8   0x0000000c   Code   RO         5560    i.LCD_GetFont       bsp_fsmc_lcd.o
    0x080053e4   0x080053e4   0x0000000c   Code   RO         5561    i.LCD_SetBackColor  bsp_fsmc_lcd.o
    0x080053f0   0x080053f0   0x0000000c   Code   RO         5562    i.LCD_SetColors     bsp_fsmc_lcd.o
    0x080053fc   0x080053fc   0x0000000c   Code   RO         5563    i.LCD_SetFont       bsp_fsmc_lcd.o
    0x08005408   0x08005408   0x0000000c   Code   RO         5564    i.LCD_SetTextColor  bsp_fsmc_lcd.o
    0x08005414   0x08005414   0x000001e0   Code   RO         5806    i.LCD_Show_BMP      bsp_bmp.o
    0x080055f4   0x080055f4   0x0000005c   Code   RO         4088    i.LED_GPIO_Config   bsp_gpio_led.o
    0x08005650   0x08005650   0x00000068   Code   RO         4827    i.MPU_Get_Temperature  bsp_mpu6050.o
    0x080056b8   0x080056b8   0x0000007c   Code   RO         4828    i.MPU_Init          bsp_mpu6050.o
    0x08005734   0x08005734   0x0000003a   Code   RO         4829    i.MPU_Read_Byte     bsp_mpu6050.o
    0x0800576e   0x0800576e   0x00000070   Code   RO         4830    i.MPU_Read_Len      bsp_mpu6050.o
    0x080057de   0x080057de   0x0000000a   Code   RO         4831    i.MPU_Set_Accel_Fsr  bsp_mpu6050.o
    0x080057e8   0x080057e8   0x0000000a   Code   RO         4832    i.MPU_Set_Gyro_Fsr  bsp_mpu6050.o
    0x080057f2   0x080057f2   0x00000030   Code   RO         4833    i.MPU_Set_LPF       bsp_mpu6050.o
    0x08005822   0x08005822   0x0000002c   Code   RO         4834    i.MPU_Set_Rate      bsp_mpu6050.o
    0x0800584e   0x0800584e   0x00000044   Code   RO         4835    i.MPU_Write_Byte    bsp_mpu6050.o
    0x08005892   0x08005892   0x0000005a   Code   RO         4836    i.MPU_Write_Len     bsp_mpu6050.o
    0x080058ec   0x080058ec   0x00000002   Code   RO        10281    i.MemManage_Handler  stm32f4xx_it.o
    0x080058ee   0x080058ee   0x00000002   Code   RO        10282    i.NMI_Handler       stm32f4xx_it.o
    0x080058f0   0x080058f0   0x0000003c   Code   RO         4467    i.NRF_Check         bsp_spi_nrf.o
    0x0800592c   0x0800592c   0x00000128   Code   RO         4470    i.NRF_SPI_Init      bsp_spi_nrf.o
    0x08005a54   0x08005a54   0x00000026   Code   RO         4916    i.NVIC_Configuration  bsp_mpu6050_exti.o
    0x08005a7a   0x08005a7a   0x00000026   Code   RO         4173    i.NVIC_DEBUG_USART_Configuration  bsp_usart_debug.o
    0x08005aa0   0x08005aa0   0x00000026   Code   RO         4310    i.NVIC_EXPAND_USART_Configuration  bsp_usart_extra.o
    0x08005ac6   0x08005ac6   0x00000002   PAD
    0x08005ac8   0x08005ac8   0x00000068   Code   RO         6318    i.NVIC_Init         misc.o
    0x08005b30   0x08005b30   0x00000014   Code   RO         6319    i.NVIC_PriorityGroupConfig  misc.o
    0x08005b44   0x08005b44   0x0000000c   Code   RO         8186    i.PWR_BackupAccessCmd  stm32f4xx_pwr.o
    0x08005b50   0x08005b50   0x00000068   Code   RO         6044    i.Palette_Init      palette.o
    0x08005bb8   0x08005bb8   0x00000002   Code   RO        10283    i.PendSV_Handler    stm32f4xx_it.o
    0x08005bba   0x08005bba   0x00000002   PAD
    0x08005bbc   0x08005bbc   0x0000001c   Code   RO         8300    i.RCC_AHB1PeriphClockCmd  stm32f4xx_rcc.o
    0x08005bd8   0x08005bd8   0x0000001c   Code   RO         8306    i.RCC_AHB3PeriphClockCmd  stm32f4xx_rcc.o
    0x08005bf4   0x08005bf4   0x0000001c   Code   RO         8309    i.RCC_APB1PeriphClockCmd  stm32f4xx_rcc.o
    0x08005c10   0x08005c10   0x0000001c   Code   RO         8311    i.RCC_APB1PeriphResetCmd  stm32f4xx_rcc.o
    0x08005c2c   0x08005c2c   0x0000001c   Code   RO         8312    i.RCC_APB2PeriphClockCmd  stm32f4xx_rcc.o
    0x08005c48   0x08005c48   0x0000001c   Code   RO         8314    i.RCC_APB2PeriphResetCmd  stm32f4xx_rcc.o
    0x08005c64   0x08005c64   0x000000a0   Code   RO         8321    i.RCC_GetClocksFreq  stm32f4xx_rcc.o
    0x08005d04   0x08005d04   0x00000038   Code   RO         8322    i.RCC_GetFlagStatus  stm32f4xx_rcc.o
    0x08005d3c   0x08005d3c   0x00000020   Code   RO         8330    i.RCC_LSEConfig     stm32f4xx_rcc.o
    0x08005d5c   0x08005d5c   0x0000000c   Code   RO         8344    i.RCC_RTCCLKCmd     stm32f4xx_rcc.o
    0x08005d68   0x08005d68   0x00000030   Code   RO         8345    i.RCC_RTCCLKConfig  stm32f4xx_rcc.o
    0x08005d98   0x08005d98   0x00000012   Code   RO         8641    i.RTC_Bcd2ToByte    stm32f4xx_rtc.o
    0x08005daa   0x08005daa   0x00000018   Code   RO         8643    i.RTC_ByteToBcd2    stm32f4xx_rtc.o
    0x08005dc2   0x08005dc2   0x00000002   PAD
    0x08005dc4   0x08005dc4   0x0000006c   Code   RO         6270    i.RTC_CLK_Config    bsp_rtc.o
    0x08005e30   0x08005e30   0x000000a4   Code   RO         6272    i.RTC_Config        bsp_rtc.o
    0x08005ed4   0x08005ed4   0x00000044   Code   RO         8653    i.RTC_EnterInitMode  stm32f4xx_rtc.o
    0x08005f18   0x08005f18   0x00000010   Code   RO         8654    i.RTC_ExitInitMode  stm32f4xx_rtc.o
    0x08005f28   0x08005f28   0x00000048   Code   RO         8657    i.RTC_GetDate       stm32f4xx_rtc.o
    0x08005f70   0x08005f70   0x0000004c   Code   RO         8662    i.RTC_GetTime       stm32f4xx_rtc.o
    0x08005fbc   0x08005fbc   0x00000050   Code   RO         8667    i.RTC_Init          stm32f4xx_rtc.o
    0x0800600c   0x0800600c   0x00000014   Code   RO         8670    i.RTC_ReadBackupRegister  stm32f4xx_rtc.o
    0x08006020   0x08006020   0x000000a4   Code   RO         8673    i.RTC_SetDate       stm32f4xx_rtc.o
    0x080060c4   0x080060c4   0x000000a8   Code   RO         8674    i.RTC_SetTime       stm32f4xx_rtc.o
    0x0800616c   0x0800616c   0x00000054   Code   RO         6273    i.RTC_TimeAndDate_Set  bsp_rtc.o
    0x080061c0   0x080061c0   0x000000ac   Code   RO         6274    i.RTC_TimeAndDate_Show  bsp_rtc.o
    0x0800626c   0x0800626c   0x0000004c   Code   RO         8690    i.RTC_WaitForSynchro  stm32f4xx_rtc.o
    0x080062b8   0x080062b8   0x00000014   Code   RO         8693    i.RTC_WriteBackupRegister  stm32f4xx_rtc.o
    0x080062cc   0x080062cc   0x000000e0   Code   RO         5221    i.SDEnWideBus       bsp_sdio_sd.o
    0x080063ac   0x080063ac   0x0000000c   Code   RO         8997    i.SDIO_ClearFlag    stm32f4xx_sdio.o
    0x080063b8   0x080063b8   0x0000000c   Code   RO         8998    i.SDIO_ClearITPendingBit  stm32f4xx_sdio.o
    0x080063c4   0x080063c4   0x0000000c   Code   RO         8999    i.SDIO_ClockCmd     stm32f4xx_sdio.o
    0x080063d0   0x080063d0   0x0000000c   Code   RO         9002    i.SDIO_DMACmd       stm32f4xx_sdio.o
    0x080063dc   0x080063dc   0x00000030   Code   RO         9003    i.SDIO_DataConfig   stm32f4xx_sdio.o
    0x0800640c   0x0800640c   0x00000018   Code   RO         9005    i.SDIO_DeInit       stm32f4xx_sdio.o
    0x08006424   0x08006424   0x0000000c   Code   RO         9006    i.SDIO_GetCommandResponse  stm32f4xx_sdio.o
    0x08006430   0x08006430   0x00000014   Code   RO         9009    i.SDIO_GetFlagStatus  stm32f4xx_sdio.o
    0x08006444   0x08006444   0x00000014   Code   RO         9010    i.SDIO_GetITStatus  stm32f4xx_sdio.o
    0x08006458   0x08006458   0x00000010   Code   RO         9011    i.SDIO_GetPowerState  stm32f4xx_sdio.o
    0x08006468   0x08006468   0x00000014   Code   RO         9012    i.SDIO_GetResponse  stm32f4xx_sdio.o
    0x0800647c   0x0800647c   0x00000004   Code   RO         5222    i.SDIO_IRQHandler   bsp_sdio_sd.o
    0x08006480   0x08006480   0x0000001c   Code   RO         9013    i.SDIO_ITConfig     stm32f4xx_sdio.o
    0x0800649c   0x0800649c   0x0000002c   Code   RO         9014    i.SDIO_Init         stm32f4xx_sdio.o
    0x080064c8   0x080064c8   0x0000000c   Code   RO         9015    i.SDIO_ReadData     stm32f4xx_sdio.o
    0x080064d4   0x080064d4   0x00000028   Code   RO         9017    i.SDIO_SendCommand  stm32f4xx_sdio.o
    0x080064fc   0x080064fc   0x0000000c   Code   RO         9019    i.SDIO_SetPowerState  stm32f4xx_sdio.o
    0x08006508   0x08006508   0x0000000c   Code   RO         5224    i.SD_Detect         bsp_sdio_sd.o
    0x08006514   0x08006514   0x00000084   Code   RO         5225    i.SD_EnableWideBusOperation  bsp_sdio_sd.o
    0x08006598   0x08006598   0x0000026c   Code   RO         5227    i.SD_GetCardInfo    bsp_sdio_sd.o
    0x08006804   0x08006804   0x00000026   Code   RO         5229    i.SD_GetState       bsp_sdio_sd.o
    0x0800682a   0x0800682a   0x0000001a   Code   RO         5230    i.SD_GetStatus      bsp_sdio_sd.o
    0x08006844   0x08006844   0x000000b4   Code   RO         5233    i.SD_Init           bsp_sdio_sd.o
    0x080068f8   0x080068f8   0x00000118   Code   RO         5234    i.SD_InitializeCards  bsp_sdio_sd.o
    0x08006a10   0x08006a10   0x00000088   Code   RO         5235    i.SD_LowLevel_DMA_RxConfig  bsp_sdio_sd.o
    0x08006a98   0x08006a98   0x0000008c   Code   RO         5236    i.SD_LowLevel_DMA_TxConfig  bsp_sdio_sd.o
    0x08006b24   0x08006b24   0x000000a4   Code   RO         5238    i.SD_LowLevel_Init  bsp_sdio_sd.o
    0x08006bc8   0x08006bc8   0x00000184   Code   RO         5240    i.SD_PowerON        bsp_sdio_sd.o
    0x08006d4c   0x08006d4c   0x00000028   Code   RO         5241    i.SD_ProcessDMAIRQ  bsp_sdio_sd.o
    0x08006d74   0x08006d74   0x00000098   Code   RO         5242    i.SD_ProcessIRQSrc  bsp_sdio_sd.o
    0x08006e0c   0x08006e0c   0x000000d4   Code   RO         5244    i.SD_ReadMultiBlocks  bsp_sdio_sd.o
    0x08006ee0   0x08006ee0   0x0000002c   Code   RO         5245    i.SD_SelectDeselect  bsp_sdio_sd.o
    0x08006f0c   0x08006f0c   0x00000050   Code   RO         5247    i.SD_SendStatus     bsp_sdio_sd.o
    0x08006f5c   0x08006f5c   0x00000028   Code   RO         5248    i.SD_StopTransfer   bsp_sdio_sd.o
    0x08006f84   0x08006f84   0x00000068   Code   RO         5249    i.SD_WaitReadOperation  bsp_sdio_sd.o
    0x08006fec   0x08006fec   0x00000068   Code   RO         5250    i.SD_WaitWriteOperation  bsp_sdio_sd.o
    0x08007054   0x08007054   0x00000120   Code   RO         5252    i.SD_WriteMultiBlocks  bsp_sdio_sd.o
    0x08007174   0x08007174   0x00000018   Code   RO         9221    i.SPI_Cmd           stm32f4xx_spi.o
    0x0800718c   0x0800718c   0x0000000e   Code   RO         9229    i.SPI_I2S_GetFlagStatus  stm32f4xx_spi.o
    0x0800719a   0x0800719a   0x00000004   Code   RO         9232    i.SPI_I2S_ReceiveData  stm32f4xx_spi.o
    0x0800719e   0x0800719e   0x00000004   Code   RO         9233    i.SPI_I2S_SendData  stm32f4xx_spi.o
    0x080071a2   0x080071a2   0x00000038   Code   RO         9234    i.SPI_Init          stm32f4xx_spi.o
    0x080071da   0x080071da   0x00000002   PAD
    0x080071dc   0x080071dc   0x00000034   Code   RO         4473    i.SPI_NRF_RW        bsp_spi_nrf.o
    0x08007210   0x08007210   0x0000004c   Code   RO         4474    i.SPI_NRF_ReadBuf   bsp_spi_nrf.o
    0x0800725c   0x0800725c   0x0000004c   Code   RO         4476    i.SPI_NRF_WriteBuf  bsp_spi_nrf.o
    0x080072a8   0x080072a8   0x0000005a   Code   RO         5478    i.SRAM_FSMC_Config  bsp_fsmc_sram.o
    0x08007302   0x08007302   0x00000002   PAD
    0x08007304   0x08007304   0x000003a8   Code   RO         5479    i.SRAM_GPIO_Config  bsp_fsmc_sram.o
    0x080076ac   0x080076ac   0x00000044   Code   RO         4142    i.STICK_GPIO_Config  bsp_gpio_stick.o
    0x080076f0   0x080076f0   0x00000002   Code   RO        10284    i.SVC_Handler       stm32f4xx_it.o
    0x080076f2   0x080076f2   0x00000002   PAD
    0x080076f4   0x080076f4   0x0000002c   Code   RO         9386    i.SYSCFG_EXTILineConfig  stm32f4xx_syscfg.o
    0x08007720   0x08007720   0x0000017c   Code   RO         5807    i.Screen_Shot       bsp_bmp.o
    0x0800789c   0x0800789c   0x000000b8   Code   RO        10419    i.SetSysClock       system_stm32f4xx.o
    0x08007954   0x08007954   0x00000004   Code   RO        10285    i.SysTick_Handler   stm32f4xx_it.o
    0x08007958   0x08007958   0x00000040   Code   RO         6130    i.SysTick_Init      bsp_systick.o
    0x08007998   0x08007998   0x0000005c   Code   RO        10421    i.SystemInit        system_stm32f4xx.o
    0x080079f4   0x080079f4   0x0000002e   Code   RO         9443    i.TI1_Config        stm32f4xx_tim.o
    0x08007a22   0x08007a22   0x00000036   Code   RO         9444    i.TI2_Config        stm32f4xx_tim.o
    0x08007a58   0x08007a58   0x00000032   Code   RO         9445    i.TI3_Config        stm32f4xx_tim.o
    0x08007a8a   0x08007a8a   0x00000036   Code   RO         9446    i.TI4_Config        stm32f4xx_tim.o
    0x08007ac0   0x08007ac0   0x000000ec   Code   RO        10286    i.TIM2_IRQHandler   stm32f4xx_it.o
    0x08007bac   0x08007bac   0x0000001c   Code   RO        10287    i.TIM3_IRQHandler   stm32f4xx_it.o
    0x08007bc8   0x08007bc8   0x0000001c   Code   RO        10288    i.TIM4_IRQHandler   stm32f4xx_it.o
    0x08007be4   0x08007be4   0x000000a8   Code   RO        10289    i.TIM5_IRQHandler   stm32f4xx_it.o
    0x08007c8c   0x08007c8c   0x0000002c   Code   RO        10290    i.TIM6_DAC_IRQHandler  stm32f4xx_it.o
    0x08007cb8   0x08007cb8   0x00000006   Code   RO         9453    i.TIM_ClearFlag     stm32f4xx_tim.o
    0x08007cbe   0x08007cbe   0x00000006   Code   RO         9454    i.TIM_ClearITPendingBit  stm32f4xx_tim.o
    0x08007cc4   0x08007cc4   0x00000018   Code   RO         9459    i.TIM_Cmd           stm32f4xx_tim.o
    0x08007cdc   0x08007cdc   0x000001ac   Code   RO         9464    i.TIM_DeInit        stm32f4xx_tim.o
    0x08007e88   0x08007e88   0x00000032   Code   RO         9468    i.TIM_EncoderInterfaceConfig  stm32f4xx_tim.o
    0x08007eba   0x08007eba   0x00000018   Code   RO         9480    i.TIM_GetITStatus   stm32f4xx_tim.o
    0x08007ed2   0x08007ed2   0x00000062   Code   RO         9482    i.TIM_ICInit        stm32f4xx_tim.o
    0x08007f34   0x08007f34   0x00000010   Code   RO         9483    i.TIM_ICStructInit  stm32f4xx_tim.o
    0x08007f44   0x08007f44   0x00000014   Code   RO         9484    i.TIM_ITConfig      stm32f4xx_tim.o
    0x08007f58   0x08007f58   0x00000004   Code   RO         9525    i.TIM_SetCounter    stm32f4xx_tim.o
    0x08007f5c   0x08007f5c   0x00000010   Code   RO         9526    i.TIM_SetIC1Prescaler  stm32f4xx_tim.o
    0x08007f6c   0x08007f6c   0x00000018   Code   RO         9527    i.TIM_SetIC2Prescaler  stm32f4xx_tim.o
    0x08007f84   0x08007f84   0x00000010   Code   RO         9528    i.TIM_SetIC3Prescaler  stm32f4xx_tim.o
    0x08007f94   0x08007f94   0x00000018   Code   RO         9529    i.TIM_SetIC4Prescaler  stm32f4xx_tim.o
    0x08007fac   0x08007fac   0x0000007c   Code   RO         9531    i.TIM_TimeBaseInit  stm32f4xx_tim.o
    0x08008028   0x08008028   0x00000012   Code   RO         9532    i.TIM_TimeBaseStructInit  stm32f4xx_tim.o
    0x0800803a   0x0800803a   0x00000002   PAD
    0x0800803c   0x0800803c   0x00000014   Code   RO         6132    i.TimingDelay_Decrement  bsp_systick.o
    0x08008050   0x08008050   0x00000068   Code   RO         6045    i.Touch_Button_Down  palette.o
    0x080080b8   0x080080b8   0x000002b8   Code   RO         6046    i.Touch_Button_Init  palette.o
    0x08008370   0x08008370   0x00000028   Code   RO         6047    i.Touch_Button_Up   palette.o
    0x08008398   0x08008398   0x0000002c   Code   RO        10291    i.UART4_IRQHandler  stm32f4xx_it.o
    0x080083c4   0x080083c4   0x0000002c   Code   RO        10292    i.USART1_IRQHandler  stm32f4xx_it.o
    0x080083f0   0x080083f0   0x00000018   Code   RO        10013    i.USART_Cmd         stm32f4xx_usart.o
    0x08008408   0x08008408   0x00000014   Code   RO        10014    i.USART_DMACmd      stm32f4xx_usart.o
    0x0800841c   0x0800841c   0x0000000e   Code   RO        10016    i.USART_GetFlagStatus  stm32f4xx_usart.o
    0x0800842a   0x0800842a   0x00000040   Code   RO        10017    i.USART_GetITStatus  stm32f4xx_usart.o
    0x0800846a   0x0800846a   0x00000036   Code   RO        10019    i.USART_ITConfig    stm32f4xx_usart.o
    0x080084a0   0x080084a0   0x000000bc   Code   RO        10020    i.USART_Init        stm32f4xx_usart.o
    0x0800855c   0x0800855c   0x00000008   Code   RO        10027    i.USART_ReceiveData  stm32f4xx_usart.o
    0x08008564   0x08008564   0x00000008   Code   RO        10030    i.USART_SendData    stm32f4xx_usart.o
    0x0800856c   0x0800856c   0x000000e6   Code   RO        10460    i.USART_printf      common.o
    0x08008652   0x08008652   0x00000002   Code   RO        10293    i.UsageFault_Handler  stm32f4xx_it.o
    0x08008654   0x08008654   0x00000090   Code   RO         4571    i.Wait_For_Standby  bsp_i2c_eeprom.o
    0x080086e4   0x080086e4   0x00000020   Code   RO        10911    i.__0printf         mc_w.l(printfa.o)
    0x08008704   0x08008704   0x00000028   Code   RO        10913    i.__0sprintf        mc_w.l(printfa.o)
    0x0800872c   0x0800872c   0x00000034   Code   RO        10916    i.__0vsnprintf      mc_w.l(printfa.o)
    0x08008760   0x08008760   0x00000030   Code   RO        11008    i.__ARM_fpclassify  m_wm.l(fpclassify.o)
    0x08008790   0x08008790   0x00000008   Code   RO        11057    i.__aeabi_errno_addr  mc_w.l(errno.o)
    0x08008798   0x08008798   0x00000360   Code   RO        10500    i.__hardfp_asin     m_wm.l(asin.o)
    0x08008af8   0x08008af8   0x000002d8   Code   RO        10514    i.__hardfp_atan     m_wm.l(atan.o)
    0x08008dd0   0x08008dd0   0x00000200   Code   RO        10528    i.__hardfp_atan2    m_wm.l(atan2.o)
    0x08008fd0   0x08008fd0   0x00000028   Code   RO        10608    i.__hardfp_strtod   m_wm.l(strtod.o)
    0x08008ff8   0x08008ff8   0x000000f8   Code   RO        11010    i.__kernel_poly     m_wm.l(poly.o)
    0x080090f0   0x080090f0   0x00000014   Code   RO        10995    i.__mathlib_dbl_infnan  m_wm.l(dunder.o)
    0x08009104   0x08009104   0x00000014   Code   RO        10996    i.__mathlib_dbl_infnan2  m_wm.l(dunder.o)
    0x08009118   0x08009118   0x00000020   Code   RO        10997    i.__mathlib_dbl_invalid  m_wm.l(dunder.o)
    0x08009138   0x08009138   0x00000020   Code   RO        11000    i.__mathlib_dbl_underflow  m_wm.l(dunder.o)
    0x08009158   0x08009158   0x0000000e   Code   RO        11098    i.__scatterload_copy  mc_w.l(handlers.o)
    0x08009166   0x08009166   0x00000002   Code   RO        11099    i.__scatterload_null  mc_w.l(handlers.o)
    0x08009168   0x08009168   0x0000000e   Code   RO        11100    i.__scatterload_zeroinit  mc_w.l(handlers.o)
    0x08009176   0x08009176   0x00000002   PAD
    0x08009178   0x08009178   0x0000000c   Code   RO        11059    i.__set_errno       mc_w.l(errno.o)
    0x08009184   0x08009184   0x00000184   Code   RO        10918    i._fp_digits        mc_w.l(printfa.o)
    0x08009308   0x08009308   0x0000000e   Code   RO        11087    i._is_digit         mc_w.l(scanf_fp.o)
    0x08009316   0x08009316   0x00000002   PAD
    0x08009318   0x08009318   0x000000a0   Code   RO         3664    i._nmea_parse_time  parse.o
    0x080093b8   0x080093b8   0x000006b4   Code   RO        10919    i._printf_core      mc_w.l(printfa.o)
    0x08009a6c   0x08009a6c   0x00000024   Code   RO        10920    i._printf_post_padding  mc_w.l(printfa.o)
    0x08009a90   0x08009a90   0x0000002e   Code   RO        10921    i._printf_pre_padding  mc_w.l(printfa.o)
    0x08009abe   0x08009abe   0x00000016   Code   RO        10922    i._snputc           mc_w.l(printfa.o)
    0x08009ad4   0x08009ad4   0x0000000a   Code   RO        10923    i._sputc            mc_w.l(printfa.o)
    0x08009ade   0x08009ade   0x00000002   PAD
    0x08009ae0   0x08009ae0   0x00000094   Code   RO          885    i.accel_self_test   inv_mpu.o
    0x08009b74   0x08009b74   0x0000001c   Code   RO         2697    i.alloc_pool        tjpgd.o
    0x08009b90   0x08009b90   0x00000010   Code   RO        10516    i.atan              m_wm.l(atan.o)
    0x08009ba0   0x08009ba0   0x0000007a   Code   RO         2698    i.bitext            tjpgd.o
    0x08009c1a   0x08009c1a   0x00000002   PAD
    0x08009c1c   0x08009c1c   0x000001e0   Code   RO         2699    i.block_idct        tjpgd.o
    0x08009dfc   0x08009dfc   0x00000008   Code   RO         1415    i.button_attach     multi_button.o
    0x08009e04   0x08009e04   0x00000006   Code   RO         1471    i.button_back_single_click_Handler  multi_button_user.o
    0x08009e0a   0x08009e0a   0x000001fa   Code   RO         1416    i.button_handler    multi_button.o
    0x0800a004   0x0800a004   0x00000038   Code   RO         1417    i.button_init       multi_button.o
    0x0800a03c   0x0800a03c   0x00000006   Code   RO         1472    i.button_left_single_click_Handler  multi_button_user.o
    0x0800a042   0x0800a042   0x00000006   Code   RO         1473    i.button_ok_single_click_Handler  multi_button_user.o
    0x0800a048   0x0800a048   0x00000006   Code   RO         1474    i.button_right_single_click_Handler  multi_button_user.o
    0x0800a04e   0x0800a04e   0x00000002   PAD
    0x0800a050   0x0800a050   0x00000024   Code   RO         1418    i.button_start      multi_button.o
    0x0800a074   0x0800a074   0x0000001c   Code   RO         1420    i.button_ticks      multi_button.o
    0x0800a090   0x0800a090   0x0000007c   Code   RO         2843    i.check_fs          ff.o
    0x0800a10c   0x0800a10c   0x00000010   Code   RO         2844    i.chk_chr           ff.o
    0x0800a11c   0x0800a11c   0x00000018   Code   RO         2845    i.clust2sect        ff.o
    0x0800a134   0x0800a134   0x00000094   Code   RO         2846    i.cmp_lfn           ff.o
    0x0800a1c8   0x0800a1c8   0x000000a8   Code   RO         2847    i.create_chain      ff.o
    0x0800a270   0x0800a270   0x000000e6   Code   RO         2700    i.create_huffman_tbl  tjpgd.o
    0x0800a356   0x0800a356   0x00000002   PAD
    0x0800a358   0x0800a358   0x00000230   Code   RO         2848    i.create_name       ff.o
    0x0800a588   0x0800a588   0x0000006c   Code   RO         2701    i.create_qt_tbl     tjpgd.o
    0x0800a5f4   0x0800a5f4   0x0000003c   Code   RO         1224    i.decode_gesture    inv_mpu_dmp_motion_driver.o
    0x0800a630   0x0800a630   0x00000044   Code   RO         2849    i.dir_alloc         ff.o
    0x0800a674   0x0800a674   0x000000c6   Code   RO         2850    i.dir_find          ff.o
    0x0800a73a   0x0800a73a   0x00000114   Code   RO         2851    i.dir_next          ff.o
    0x0800a84e   0x0800a84e   0x000000b4   Code   RO         2852    i.dir_read          ff.o
    0x0800a902   0x0800a902   0x00000104   Code   RO         2853    i.dir_register      ff.o
    0x0800aa06   0x0800aa06   0x0000005e   Code   RO         2854    i.dir_remove        ff.o
    0x0800aa64   0x0800aa64   0x000000a0   Code   RO         2855    i.dir_sdi           ff.o
    0x0800ab04   0x0800ab04   0x0000002c   Code   RO         2788    i.disk_initialize   diskio.o
    0x0800ab30   0x0800ab30   0x00000070   Code   RO         2789    i.disk_ioctl        diskio.o
    0x0800aba0   0x0800aba0   0x00000098   Code   RO         2790    i.disk_read         diskio.o
    0x0800ac38   0x0800ac38   0x00000028   Code   RO         2791    i.disk_status       diskio.o
    0x0800ac60   0x0800ac60   0x000000ae   Code   RO         2792    i.disk_write        diskio.o
    0x0800ad0e   0x0800ad0e   0x0000003c   Code   RO         1225    i.dmp_enable_6x_lp_quat  inv_mpu_dmp_motion_driver.o
    0x0800ad4a   0x0800ad4a   0x00000002   PAD
    0x0800ad4c   0x0800ad4c   0x000001ec   Code   RO         1226    i.dmp_enable_feature  inv_mpu_dmp_motion_driver.o
    0x0800af38   0x0800af38   0x00000058   Code   RO         1227    i.dmp_enable_gyro_cal  inv_mpu_dmp_motion_driver.o
    0x0800af90   0x0800af90   0x0000003c   Code   RO         1228    i.dmp_enable_lp_quat  inv_mpu_dmp_motion_driver.o
    0x0800afcc   0x0800afcc   0x00000014   Code   RO         1233    i.dmp_load_motion_driver_firmware  inv_mpu_dmp_motion_driver.o
    0x0800afe0   0x0800afe0   0x00000184   Code   RO         1234    i.dmp_read_fifo     inv_mpu_dmp_motion_driver.o
    0x0800b164   0x0800b164   0x0000010c   Code   RO         1237    i.dmp_set_accel_bias  inv_mpu_dmp_motion_driver.o
    0x0800b270   0x0800b270   0x00000070   Code   RO         1238    i.dmp_set_fifo_rate  inv_mpu_dmp_motion_driver.o
    0x0800b2e0   0x0800b2e0   0x00000108   Code   RO         1239    i.dmp_set_gyro_bias  inv_mpu_dmp_motion_driver.o
    0x0800b3e8   0x0800b3e8   0x00000118   Code   RO         1241    i.dmp_set_orientation  inv_mpu_dmp_motion_driver.o
    0x0800b500   0x0800b500   0x00000030   Code   RO         1244    i.dmp_set_shake_reject_thresh  inv_mpu_dmp_motion_driver.o
    0x0800b530   0x0800b530   0x00000020   Code   RO         1245    i.dmp_set_shake_reject_time  inv_mpu_dmp_motion_driver.o
    0x0800b550   0x0800b550   0x00000020   Code   RO         1246    i.dmp_set_shake_reject_timeout  inv_mpu_dmp_motion_driver.o
    0x0800b570   0x0800b570   0x00000038   Code   RO         1247    i.dmp_set_tap_axes  inv_mpu_dmp_motion_driver.o
    0x0800b5a8   0x0800b5a8   0x00000022   Code   RO         1248    i.dmp_set_tap_count  inv_mpu_dmp_motion_driver.o
    0x0800b5ca   0x0800b5ca   0x00000002   PAD
    0x0800b5cc   0x0800b5cc   0x0000019c   Code   RO         1249    i.dmp_set_tap_thresh  inv_mpu_dmp_motion_driver.o
    0x0800b768   0x0800b768   0x00000020   Code   RO         1250    i.dmp_set_tap_time  inv_mpu_dmp_motion_driver.o
    0x0800b788   0x0800b788   0x00000020   Code   RO         1251    i.dmp_set_tap_time_multi  inv_mpu_dmp_motion_driver.o
    0x0800b7a8   0x0800b7a8   0x00000218   Code   RO          591    i.eeprom_test       eeprom_test.o
    0x0800b9c0   0x0800b9c0   0x00000002   Code   RO         4242    i.error             bsp_usart_gps.o
    0x0800b9c2   0x0800b9c2   0x0000001e   Code   RO         2857    i.f_close           ff.o
    0x0800b9e0   0x0800b9e0   0x00000014   Code   RO         2858    i.f_closedir        ff.o
    0x0800b9f4   0x0800b9f4   0x000000dc   Code   RO         2859    i.f_getfree         ff.o
    0x0800bad0   0x0800bad0   0x00000174   Code   RO         2861    i.f_lseek           ff.o
    0x0800bc44   0x0800bc44   0x00000160   Code   RO         2862    i.f_mkdir           ff.o
    0x0800bda4   0x0800bda4   0x0000056a   Code   RO         2863    i.f_mkfs            ff.o
    0x0800c30e   0x0800c30e   0x00000002   PAD
    0x0800c310   0x0800c310   0x0000004c   Code   RO         2864    i.f_mount           ff.o
    0x0800c35c   0x0800c35c   0x0000015e   Code   RO         2865    i.f_open            ff.o
    0x0800c4ba   0x0800c4ba   0x00000074   Code   RO         2866    i.f_opendir         ff.o
    0x0800c52e   0x0800c52e   0x00000232   Code   RO         2867    i.f_printf          ff.o
    0x0800c760   0x0800c760   0x0000017c   Code   RO         2870    i.f_read            ff.o
    0x0800c8dc   0x0800c8dc   0x0000005e   Code   RO         2871    i.f_readdir         ff.o
    0x0800c93a   0x0800c93a   0x000000fa   Code   RO         2872    i.f_rename          ff.o
    0x0800ca34   0x0800ca34   0x00000044   Code   RO         2873    i.f_stat            ff.o
    0x0800ca78   0x0800ca78   0x0000009a   Code   RO         2874    i.f_sync            ff.o
    0x0800cb12   0x0800cb12   0x000000aa   Code   RO         2876    i.f_unlink          ff.o
    0x0800cbbc   0x0800cbbc   0x000001ba   Code   RO         2878    i.f_write           ff.o
    0x0800cd76   0x0800cd76   0x00000018   Code   RO        10560    i.fabs              m_wm.l(fabs.o)
    0x0800cd8e   0x0800cd8e   0x00000002   PAD
    0x0800cd90   0x0800cd90   0x00000330   Code   RO         3195    i.fatfs_flash_test  fatfs_flash_test.o
    0x0800d0c0   0x0800d0c0   0x0000017c   Code   RO         3196    i.fatfs_flash_test2  fatfs_flash_test.o
    0x0800d23c   0x0800d23c   0x000003d0   Code   RO         3169    i.fatfs_sdcard_test  fatfs_sdcard_test.o
    0x0800d60c   0x0800d60c   0x00000058   Code   RO         2762    i.ff_convert        cc936.o
    0x0800d664   0x0800d664   0x0000004c   Code   RO         2763    i.ff_wtoupper       cc936.o
    0x0800d6b0   0x0800d6b0   0x00000114   Code   RO         3197    i.file_check        fatfs_flash_test.o
    0x0800d7c4   0x0800d7c4   0x00000348   Code   RO         2879    i.find_volume       ff.o
    0x0800db0c   0x0800db0c   0x0000006c   Code   RO         2880    i.fit_lfn           ff.o
    0x0800db78   0x0800db78   0x000001e8   Code   RO          616    i.flash_test        flash_test.o
    0x0800dd60   0x0800dd60   0x0000006a   Code   RO         2881    i.follow_path       ff.o
    0x0800ddca   0x0800ddca   0x00000002   PAD
    0x0800ddcc   0x0800ddcc   0x00000024   Code   RO         4179    i.fputc             bsp_usart_debug.o
    0x0800ddf0   0x0800ddf0   0x00000050   Code   RO        10939    i.free              mc_w.l(malloc.o)
    0x0800de40   0x0800de40   0x00000098   Code   RO         2882    i.gen_numname       ff.o
    0x0800ded8   0x0800ded8   0x000000b8   Code   RO          886    i.get_accel_prod_shift  inv_mpu.o
    0x0800df90   0x0800df90   0x00000100   Code   RO         2883    i.get_fat           ff.o
    0x0800e090   0x0800e090   0x00000008   Code   RO         2793    i.get_fattime       diskio.o
    0x0800e098   0x0800e098   0x000000e0   Code   RO         2884    i.get_fileinfo      ff.o
    0x0800e178   0x0800e178   0x00000042   Code   RO         2885    i.get_ldnumber      ff.o
    0x0800e1ba   0x0800e1ba   0x00000002   PAD
    0x0800e1bc   0x0800e1bc   0x000003e4   Code   RO          887    i.get_st_biases     inv_mpu.o
    0x0800e5a0   0x0800e5a0   0x00000040   Code   RO         4243    i.gps_info          bsp_usart_gps.o
    0x0800e5e0   0x0800e5e0   0x0000000c   Code   RO          395    i.gui_prepare_page  gui.o
    0x0800e5ec   0x0800e5ec   0x000000d8   Code   RO          888    i.gyro_self_test    inv_mpu.o
    0x0800e6c4   0x0800e6c4   0x000001b8   Code   RO            4    i.hardware_test     main.o
    0x0800e87c   0x0800e87c   0x000000aa   Code   RO         2702    i.huffext           tjpgd.o
    0x0800e926   0x0800e926   0x00000002   PAD
    0x0800e928   0x0800e928   0x00000038   Code   RO         4653    i.i2c_Ack           bsp_i2c_touch.o
    0x0800e960   0x0800e960   0x0000000c   Code   RO         4654    i.i2c_Delay         bsp_i2c_touch.o
    0x0800e96c   0x0800e96c   0x00000030   Code   RO         4655    i.i2c_NAck          bsp_i2c_touch.o
    0x0800e99c   0x0800e99c   0x00000044   Code   RO         4656    i.i2c_ReadByte      bsp_i2c_touch.o
    0x0800e9e0   0x0800e9e0   0x00000058   Code   RO         4657    i.i2c_SendByte      bsp_i2c_touch.o
    0x0800ea38   0x0800ea38   0x00000038   Code   RO         4658    i.i2c_Start         bsp_i2c_touch.o
    0x0800ea70   0x0800ea70   0x00000028   Code   RO         4659    i.i2c_Stop          bsp_i2c_touch.o
    0x0800ea98   0x0800ea98   0x00000040   Code   RO         4660    i.i2c_WaitAck       bsp_i2c_touch.o
    0x0800ead8   0x0800ead8   0x00000030   Code   RO         2642    i.in_func           jpgport.o
    0x0800eb08   0x0800eb08   0x00000024   Code   RO          889    i.inv_orientation_matrix_to_scalar  inv_mpu.o
    0x0800eb2c   0x0800eb2c   0x00000048   Code   RO          890    i.inv_row_2_scale   inv_mpu.o
    0x0800eb74   0x0800eb74   0x0000005c   Code   RO        10461    i.itoa              common.o
    0x0800ebd0   0x0800ebd0   0x00000080   Code   RO         2703    i.jd_decomp         tjpgd.o
    0x0800ec50   0x0800ec50   0x000002da   Code   RO         2704    i.jd_prepare        tjpgd.o
    0x0800ef2a   0x0800ef2a   0x00000002   PAD
    0x0800ef2c   0x0800ef2c   0x00000110   Code   RO         2643    i.jpgDisplay        jpgport.o
    0x0800f03c   0x0800f03c   0x0000001e   Code   RO         2886    i.ld_clust          ff.o
    0x0800f05a   0x0800f05a   0x00000002   PAD
    0x0800f05c   0x0800f05c   0x00000168   Code   RO            5    i.main              main.o
    0x0800f1c4   0x0800f1c4   0x000000e8   Code   RO          396    i.main_menu         gui.o
    0x0800f2ac   0x0800f2ac   0x0000006c   Code   RO        10940    i.malloc            mc_w.l(malloc.o)
    0x0800f318   0x0800f318   0x00000184   Code   RO         2705    i.mcu_load          tjpgd.o
    0x0800f49c   0x0800f49c   0x000002fc   Code   RO         2706    i.mcu_output        tjpgd.o
    0x0800f798   0x0800f798   0x0000001a   Code   RO         2887    i.mem_cmp           ff.o
    0x0800f7b2   0x0800f7b2   0x00000012   Code   RO         2888    i.mem_cpy           ff.o
    0x0800f7c4   0x0800f7c4   0x00000010   Code   RO         2889    i.mem_set           ff.o
    0x0800f7d4   0x0800f7d4   0x0000005c   Code   RO          468    i.menu_draw_current_page  menu.o
    0x0800f830   0x0800f830   0x00000028   Code   RO          469    i.menu_get_key      menu.o
    0x0800f858   0x0800f858   0x00000044   Code   RO          470    i.menu_handle_home_key  menu.o
    0x0800f89c   0x0800f89c   0x00000018   Code   RO          471    i.menu_handle_page_key  menu.o
    0x0800f8b4   0x0800f8b4   0x0000001c   Code   RO          472    i.menu_init         menu.o
    0x0800f8d0   0x0800f8d0   0x00000020   Code   RO          473    i.menu_post_key     menu.o
    0x0800f8f0   0x0800f8f0   0x00000048   Code   RO          474    i.menu_process      menu.o
    0x0800f938   0x0800f938   0x0000001c   Code   RO          475    i.menu_refresh_dynamic_page  menu.o
    0x0800f954   0x0800f954   0x0000001c   Code   RO          476    i.menu_tick_10ms    menu.o
    0x0800f970   0x0800f970   0x00000002   Code   RO          891    i.mget_ms           inv_mpu.o
    0x0800f972   0x0800f972   0x00000002   PAD
    0x0800f974   0x0800f974   0x000002a4   Code   RO         3198    i.miscellaneous     fatfs_flash_test.o
    0x0800fc18   0x0800fc18   0x00000034   Code   RO         2890    i.move_window       ff.o
    0x0800fc4c   0x0800fc4c   0x0000025c   Code   RO          397    i.mpu6050_euler_information  gui.o
    0x0800fea8   0x0800fea8   0x00000060   Code   RO          892    i.mpu_configure_fifo  inv_mpu.o
    0x0800ff08   0x0800ff08   0x00000164   Code   RO          893    i.mpu_dmp_get_data  inv_mpu.o
    0x0801006c   0x0801006c   0x00000094   Code   RO          894    i.mpu_dmp_init      inv_mpu.o
    0x08010100   0x08010100   0x00000044   Code   RO          895    i.mpu_get_accel_fsr  inv_mpu.o
    0x08010144   0x08010144   0x0000004c   Code   RO          897    i.mpu_get_accel_sens  inv_mpu.o
    0x08010190   0x08010190   0x00000010   Code   RO          902    i.mpu_get_fifo_config  inv_mpu.o
    0x080101a0   0x080101a0   0x00000040   Code   RO          903    i.mpu_get_gyro_fsr  inv_mpu.o
    0x080101e0   0x080101e0   0x00000058   Code   RO          905    i.mpu_get_gyro_sens  inv_mpu.o
    0x08010238   0x08010238   0x00000044   Code   RO          907    i.mpu_get_lpf       inv_mpu.o
    0x0801027c   0x0801027c   0x0000001c   Code   RO          909    i.mpu_get_sample_rate  inv_mpu.o
    0x08010298   0x08010298   0x000001b0   Code   RO          911    i.mpu_init          inv_mpu.o
    0x08010448   0x08010448   0x000000b4   Code   RO          912    i.mpu_load_firmware  inv_mpu.o
    0x080104fc   0x080104fc   0x000000d0   Code   RO          913    i.mpu_lp_accel_mode  inv_mpu.o
    0x080105cc   0x080105cc   0x000000ac   Code   RO          916    i.mpu_read_fifo_stream  inv_mpu.o
    0x08010678   0x08010678   0x00000070   Code   RO          917    i.mpu_read_mem      inv_mpu.o
    0x080106e8   0x080106e8   0x00000170   Code   RO          920    i.mpu_reset_fifo    inv_mpu.o
    0x08010858   0x08010858   0x000000f8   Code   RO          921    i.mpu_run_self_test  inv_mpu.o
    0x08010950   0x08010950   0x00000074   Code   RO          923    i.mpu_set_accel_fsr  inv_mpu.o
    0x080109c4   0x080109c4   0x0000011c   Code   RO          924    i.mpu_set_bypass    inv_mpu.o
    0x08010ae0   0x08010ae0   0x0000007c   Code   RO          926    i.mpu_set_dmp_state  inv_mpu.o
    0x08010b5c   0x08010b5c   0x00000078   Code   RO          927    i.mpu_set_gyro_fsr  inv_mpu.o
    0x08010bd4   0x08010bd4   0x00000060   Code   RO          928    i.mpu_set_int_latched  inv_mpu.o
    0x08010c34   0x08010c34   0x0000007c   Code   RO          930    i.mpu_set_lpf       inv_mpu.o
    0x08010cb0   0x08010cb0   0x00000084   Code   RO          931    i.mpu_set_sample_rate  inv_mpu.o
    0x08010d34   0x08010d34   0x000000b4   Code   RO          932    i.mpu_set_sensors   inv_mpu.o
    0x08010de8   0x08010de8   0x00000070   Code   RO          933    i.mpu_write_mem     inv_mpu.o
    0x08010e58   0x08010e58   0x0000006a   Code   RO         3665    i.nmea_BDGSA2info   parse.o
    0x08010ec2   0x08010ec2   0x00000074   Code   RO         3666    i.nmea_BDGSV2info   parse.o
    0x08010f36   0x08010f36   0x00000074   Code   RO         3667    i.nmea_GNGGA2info   parse.o
    0x08010faa   0x08010faa   0x00000088   Code   RO         3668    i.nmea_GNGLL2info   parse.o
    0x08011032   0x08011032   0x00000002   PAD
    0x08011034   0x08011034   0x000000b4   Code   RO         3669    i.nmea_GNRMC2info   parse.o
    0x080110e8   0x080110e8   0x00000032   Code   RO         3670    i.nmea_GNVTG2info   parse.o
    0x0801111a   0x0801111a   0x00000018   Code   RO         3671    i.nmea_GNZDA2info   parse.o
    0x08011132   0x08011132   0x00000070   Code   RO         3672    i.nmea_GPGGA2info   parse.o
    0x080111a2   0x080111a2   0x00000068   Code   RO         3673    i.nmea_GPGSA2info   parse.o
    0x0801120a   0x0801120a   0x00000072   Code   RO         3674    i.nmea_GPGSV2info   parse.o
    0x0801127c   0x0801127c   0x000000a4   Code   RO         3675    i.nmea_GPRMC2info   parse.o
    0x08011320   0x08011320   0x00000090   Code   RO         3676    i.nmea_GPTXT2info   parse.o
    0x080113b0   0x080113b0   0x00000022   Code   RO         3677    i.nmea_GPVTG2info   parse.o
    0x080113d2   0x080113d2   0x00000002   PAD
    0x080113d4   0x080113d4   0x00000034   Code   RO         4033    i.nmea_atof         tok.o
    0x08011408   0x08011408   0x0000002e   Code   RO         4034    i.nmea_atoi         tok.o
    0x08011436   0x08011436   0x00000002   PAD
    0x08011438   0x08011438   0x00000040   Code   RO          752    i.nmea_decode_init  nmea_decode_test.o
    0x08011478   0x08011478   0x0000008c   Code   RO          753    i.nmea_decode_test  nmea_decode_test.o
    0x08011504   0x08011504   0x0000003e   Code   RO         3246    i.nmea_error        context.o
    0x08011542   0x08011542   0x0000007c   Code   RO         3678    i.nmea_find_tail    parse.o
    0x080115be   0x080115be   0x0000003e   Code   RO         3247    i.nmea_info         context.o
    0x080115fc   0x080115fc   0x0000006c   Code   RO         3552    i.nmea_ndeg2degree  gmath.o
    0x08011668   0x08011668   0x00000104   Code   RO         3679    i.nmea_pack_type    parse.o
    0x0801176c   0x0801176c   0x000000f8   Code   RO         3859    i.nmea_parse        parser.o
    0x08011864   0x08011864   0x000000d4   Code   RO         3680    i.nmea_parse_BDGSA  parse.o
    0x08011938   0x08011938   0x000000bc   Code   RO         3681    i.nmea_parse_BDGSV  parse.o
    0x080119f4   0x080119f4   0x000000f4   Code   RO         3682    i.nmea_parse_GNGGA  parse.o
    0x08011ae8   0x08011ae8   0x000000c0   Code   RO         3683    i.nmea_parse_GNGLL  parse.o
    0x08011ba8   0x08011ba8   0x000000f8   Code   RO         3684    i.nmea_parse_GNRMC  parse.o
    0x08011ca0   0x08011ca0   0x000000e4   Code   RO         3685    i.nmea_parse_GNVTG  parse.o
    0x08011d84   0x08011d84   0x000000c0   Code   RO         3686    i.nmea_parse_GNZDA  parse.o
    0x08011e44   0x08011e44   0x000000f4   Code   RO         3687    i.nmea_parse_GPGGA  parse.o
    0x08011f38   0x08011f38   0x000000d4   Code   RO         3688    i.nmea_parse_GPGSA  parse.o
    0x0801200c   0x0801200c   0x000000bc   Code   RO         3689    i.nmea_parse_GPGSV  parse.o
    0x080120c8   0x080120c8   0x000000f8   Code   RO         3690    i.nmea_parse_GPRMC  parse.o
    0x080121c0   0x080121c0   0x00000074   Code   RO         3691    i.nmea_parse_GPTXT  parse.o
    0x08012234   0x08012234   0x000000dc   Code   RO         3692    i.nmea_parse_GPVTG  parse.o
    0x08012310   0x08012310   0x00000008   Code   RO         3860    i.nmea_parser_buff_clear  parser.o
    0x08012318   0x08012318   0x00000050   Code   RO         3863    i.nmea_parser_init  parser.o
    0x08012368   0x08012368   0x00000024   Code   RO         3865    i.nmea_parser_pop   parser.o
    0x0801238c   0x0801238c   0x0000002c   Code   RO         3866    i.nmea_parser_push  parser.o
    0x080123b8   0x080123b8   0x00000400   Code   RO         3868    i.nmea_parser_real_push  parser.o
    0x080127b8   0x080127b8   0x00000008   Code   RO         3248    i.nmea_property     context.o
    0x080127c0   0x080127c0   0x000001b4   Code   RO         4037    i.nmea_scanf        tok.o
    0x08012974   0x08012974   0x00000016   Code   RO         4015    i.nmea_time_now     time.o
    0x0801298a   0x0801298a   0x0000001c   Code   RO         3250    i.nmea_trace_buff   context.o
    0x080129a6   0x080129a6   0x0000001e   Code   RO         3649    i.nmea_zero_INFO    info.o
    0x080129c4   0x080129c4   0x0000007c   Code   RO          793    i.nrf24l01_check    platform_nrf.o
    0x08012a40   0x08012a40   0x00000074   Code   RO         2644    i.out_func          jpgport.o
    0x08012ab4   0x08012ab4   0x0000007c   Code   RO         2891    i.pick_lfn          ff.o
    0x08012b30   0x08012b30   0x0000012c   Code   RO         2892    i.put_fat           ff.o
    0x08012c5c   0x08012c5c   0x0000003a   Code   RO         2893    i.putc_bfd          ff.o
    0x08012c96   0x08012c96   0x00000002   PAD
    0x08012c98   0x08012c98   0x00000010   Code   RO         1475    i.read_button_back_gpio  multi_button_user.o
    0x08012ca8   0x08012ca8   0x00000010   Code   RO         1476    i.read_button_left_gpio  multi_button_user.o
    0x08012cb8   0x08012cb8   0x00000010   Code   RO         1477    i.read_button_ok_gpio  multi_button_user.o
    0x08012cc8   0x08012cc8   0x00000010   Code   RO         1478    i.read_button_right_gpio  multi_button_user.o
    0x08012cd8   0x08012cd8   0x0000000c   Code   RO          538    i.read_param        param.o
    0x08012ce4   0x08012ce4   0x00000066   Code   RO         2894    i.remove_chain      ff.o
    0x08012d4a   0x08012d4a   0x00000068   Code   RO         2707    i.restart           tjpgd.o
    0x08012db2   0x08012db2   0x00000088   Code   RO          934    i.run_self_test     inv_mpu.o
    0x08012e3a   0x08012e3a   0x00000002   PAD
    0x08012e3c   0x08012e3c   0x00000088   Code   RO         3199    i.scan_files        fatfs_flash_test.o
    0x08012ec4   0x08012ec4   0x00000090   Code   RO          539    i.set_default_param  param.o
    0x08012f54   0x08012f54   0x00000074   Code   RO          935    i.set_int_enable    inv_mpu.o
    0x08012fc8   0x08012fc8   0x000001b8   Code   RO            6    i.setup             main.o
    0x08013180   0x08013180   0x00000080   Code   RO         5808    i.showBmpHead       bsp_bmp.o
    0x08013200   0x08013200   0x0000016c   Code   RO         5809    i.showBmpInforHead  bsp_bmp.o
    0x0801336c   0x0801336c   0x0000006e   Code   RO        10598    i.sqrt              m_wm.l(sqrt.o)
    0x080133da   0x080133da   0x00000002   PAD
    0x080133dc   0x080133dc   0x00000190   Code   RO          704    i.sram_read_write_test  sram_test.o
    0x0801356c   0x0801356c   0x00000010   Code   RO         2895    i.st_clust          ff.o
    0x0801357c   0x0801357c   0x0000001a   Code   RO         2896    i.sum_sfn           ff.o
    0x08013596   0x08013596   0x000000b4   Code   RO         2897    i.sync_fs           ff.o
    0x0801364a   0x0801364a   0x00000054   Code   RO         2898    i.sync_window       ff.o
    0x0801369e   0x0801369e   0x00000002   PAD
    0x080136a0   0x080136a0   0x000001a0   Code   RO          398    i.system_basic_information  gui.o
    0x08013840   0x08013840   0x000002cc   Code   RO          399    i.system_data_read_and_set  gui.o
    0x08013b0c   0x08013b0c   0x00000002   Code   RO         4244    i.trace             bsp_usart_gps.o
    0x08013b0e   0x08013b0e   0x00000002   PAD
    0x08013b10   0x08013b10   0x000000b0   Code   RO         1479    i.user_BUTTON_init  multi_button_user.o
    0x08013bc0   0x08013bc0   0x00000028   Code   RO         2899    i.validate          ff.o
    0x08013be8   0x08013be8   0x00000064   Code   RO          540    i.write_default_param  param.o
    0x08013c4c   0x08013c4c   0x00000004   Data   RO          477    .constdata          menu.o
    0x08013c50   0x08013c50   0x0000001b   Data   RO          937    .constdata          inv_mpu.o
    0x08013c6b   0x08013c6b   0x00000001   PAD
    0x08013c6c   0x08013c6c   0x0000000c   Data   RO          938    .constdata          inv_mpu.o
    0x08013c78   0x08013c78   0x00000028   Data   RO          939    .constdata          inv_mpu.o
    0x08013ca0   0x08013ca0   0x00000bf6   Data   RO         1253    .constdata          inv_mpu_dmp_motion_driver.o
    0x08014896   0x08014896   0x000004c0   Data   RO         2708    .constdata          tjpgd.o
    0x08014d56   0x08014d56   0x0002b0c0   Data   RO         2764    .constdata          cc936.o
    0x0803fe16   0x0803fe16   0x0000003a   Data   RO         2900    .constdata          ff.o
    0x0803fe50   0x0803fe50   0x000017c0   Data   RO         5856    .constdata          fonts.o
    0x08041610   0x08041610   0x00003570   Data   RO         5857    .constdata          fonts.o
    0x08044b80   0x08044b80   0x0000001c   Data   RO         5912    .constdata          gt9xx.o
    0x08044b9c   0x08044b9c   0x00000004   PAD
    0x08044ba0   0x08044ba0   0x00000050   Data   RO        10503    .constdata          m_wm.l(asin.o)
    0x08044bf0   0x08044bf0   0x00000098   Data   RO        10517    .constdata          m_wm.l(atan.o)
    0x08044c88   0x08044c88   0x00000081   Data   RO        10634    .constdata          mc_w.l(ctype_o.o)
    0x08044d09   0x08044d09   0x00000003   PAD
    0x08044d0c   0x08044d0c   0x00000004   Data   RO        10635    .constdata          mc_w.l(ctype_o.o)
    0x08044d10   0x08044d10   0x00000008   Data   RO        11012    .constdata          m_wm.l(qnan.o)
    0x08044d18   0x08044d18   0x00000052   Data   RO            7    .conststring        main.o
    0x08044d6a   0x08044d6a   0x00000002   PAD
    0x08044d6c   0x08044d6c   0x00000050   Data   RO          405    .conststring        gui.o
    0x08044dbc   0x08044dbc   0x000000a7   Data   RO          592    .conststring        eeprom_test.o
    0x08044e63   0x08044e63   0x00000001   PAD
    0x08044e64   0x08044e64   0x000000a7   Data   RO          618    .conststring        flash_test.o
    0x08044f0b   0x08044f0b   0x00000001   PAD
    0x08044f0c   0x08044f0c   0x0000004d   Data   RO          940    .conststring        inv_mpu.o
    0x08044f59   0x08044f59   0x00000003   PAD
    0x08044f5c   0x08044f5c   0x000000a7   Data   RO         3170    .conststring        fatfs_sdcard_test.o
    0x08045003   0x08045003   0x00000001   PAD
    0x08045004   0x08045004   0x000000ac   Data   RO         3202    .conststring        fatfs_flash_test.o
    0x080450b0   0x080450b0   0x000000ee   Data   RO         3694    .conststring        parse.o
    0x0804519e   0x0804519e   0x00000002   PAD
    0x080451a0   0x080451a0   0x000000a1   Data   RO         5926    .conststring        gt9xx.o
    0x08045241   0x08045241   0x00000003   PAD
    0x08045244   0x08045244   0x00000020   Data   RO        11096    Region$$Table       anon$$obj.o


    Execution Region RW_IRAM1 (Exec base: 0x20000000, Load base: 0x08045264, Size: 0x00010958, Max: 0x00020000, ABSOLUTE, COMPRESSED[0x000000d0])

    Exec Addr    Load Addr    Size         Type   Attr      Idx    E Section Name        Object

    0x20000000   COMPRESSED   0x00000018   Data   RW           10    .data               main.o
    0x20000018   COMPRESSED   0x00000001   Data   RW           11    .data               main.o
    0x20000019   COMPRESSED   0x00000003   PAD
    0x2000001c   COMPRESSED   0x00000014   Data   RW          406    .data               gui.o
    0x20000030   COMPRESSED   0x00000010   Data   RW          478    .data               menu.o
    0x20000040   COMPRESSED   0x00000018   Data   RW          756    .data               nmea_decode_test.o
    0x20000058   COMPRESSED   0x00000010   Data   RW          799    .data               platform_nrf.o
    0x20000068   COMPRESSED   0x00000035   Data   RW          941    .data               inv_mpu.o
    0x2000009d   COMPRESSED   0x00000003   PAD
    0x200000a0   COMPRESSED   0x00000004   Data   RW         1422    .data               multi_button.o
    0x200000a4   COMPRESSED   0x0000000c   Data   RW         2901    .data               ff.o
    0x200000b0   COMPRESSED   0x00000210   Data   RW         3203    .data               fatfs_flash_test.o
    0x200002c0   COMPRESSED   0x00000010   Data   RW         3251    .data               context.o
    0x200002d0   COMPRESSED   0x00000034   Data   RW         3695    .data               parse.o
    0x20000304   COMPRESSED   0x00000001   Data   RW         4246    .data               bsp_usart_gps.o
    0x20000305   COMPRESSED   0x00000001   Data   RW         4247    .data               bsp_usart_gps.o
    0x20000306   COMPRESSED   0x00000002   PAD
    0x20000308   COMPRESSED   0x00000004   Data   RW         4357    .data               bsp_spi_flash.o
    0x2000030c   COMPRESSED   0x00000014   Data   RW         4480    .data               bsp_spi_nrf.o
    0x20000320   COMPRESSED   0x00000004   Data   RW         4572    .data               bsp_i2c_eeprom.o
    0x20000324   COMPRESSED   0x00000006   Data   RW         4984    .data               bsp_adc3_independent_dual.o
    0x2000032a   COMPRESSED   0x00000002   PAD
    0x2000032c   COMPRESSED   0x00000018   Data   RW         5255    .data               bsp_sdio_sd.o
    0x20000344   COMPRESSED   0x00000010   Data   RW         5566    .data               bsp_fsmc_lcd.o
    0x20000354   COMPRESSED   0x00000001   Data   RW         5812    .data               bsp_bmp.o
    0x20000355   COMPRESSED   0x00000003   PAD
    0x20000358   COMPRESSED   0x00000008   Data   RW         5859    .data               fonts.o
    0x20000360   COMPRESSED   0x00000008   Data   RW         5860    .data               fonts.o
    0x20000368   COMPRESSED   0x00000001   Data   RW         5861    .data               fonts.o
    0x20000369   COMPRESSED   0x00000003   PAD
    0x2000036c   COMPRESSED   0x00000026   Data   RW         5927    .data               gt9xx.o
    0x20000392   COMPRESSED   0x00000002   PAD
    0x20000394   COMPRESSED   0x0000000c   Data   RW         6049    .data               palette.o
    0x200003a0   COMPRESSED   0x00000008   Data   RW         6134    .data               bsp_systick.o
    0x200003a8   COMPRESSED   0x00000010   Data   RW         8353    .data               stm32f4xx_rcc.o
    0x200003b8   COMPRESSED   0x00000015   Data   RW        10294    .data               stm32f4xx_it.o
    0x200003cd   COMPRESSED   0x00000003   PAD
    0x200003d0   COMPRESSED   0x00000014   Data   RW        10422    .data               system_stm32f4xx.o
    0x200003e4   COMPRESSED   0x00000004   Data   RW        11046    .data               mc_w.l(stdout.o)
    0x200003e8   COMPRESSED   0x00000004   Data   RW        11055    .data               mc_w.l(mvars.o)
    0x200003ec   COMPRESSED   0x00000004   Data   RW        11056    .data               mc_w.l(mvars.o)
    0x200003f0   COMPRESSED   0x00000004   Data   RW        11060    .data               mc_w.l(errno.o)
    0x200003f4        -       0x00000268   Zero   RW          402    .bss                gui.o
    0x2000065c        -       0x00000078   Zero   RW          542    .bss                param.o
    0x200006d4        -       0x00000800   Zero   RW          617    .bss                flash_test.o
    0x20000ed4   COMPRESSED   0x00000004   PAD
    0x20000ed8        -       0x00000690   Zero   RW          754    .bss                nmea_decode_test.o
    0x20001568        -       0x00000040   Zero   RW          797    .bss                platform_nrf.o
    0x200015a8        -       0x00000010   Zero   RW         1252    .bss                inv_mpu_dmp_motion_driver.o
    0x200015b8        -       0x000000b0   Zero   RW         1480    .bss                multi_button_user.o
    0x20001668        -       0x000024d8   Zero   RW         3200    .bss                fatfs_flash_test.o
    0x20003b40        -       0x00001024   Zero   RW         3201    .bss                fatfs_flash_test.o
    0x20004b64        -       0x00000100   Zero   RW         3693    .bss                parse.o
    0x20004c64        -       0x00000200   Zero   RW         4245    .bss                bsp_usart_gps.o
    0x20004e64        -       0x0000000e   Zero   RW         4947    .bss                bsp_adc1_independent_dual.o
    0x20004e72   COMPRESSED   0x00000006   PAD
    0x20004e78        -       0x000000cc   Zero   RW         5254    .bss                bsp_sdio_sd.o
    0x20004f44        -       0x00004480   Zero   RW         5565    .bss                bsp_fsmc_lcd.o
    0x200093c4        -       0x000013e4   Zero   RW         5810    .bss                bsp_bmp.o
    0x2000a7a8        -       0x000001b0   Zero   RW         6048    .bss                palette.o
    0x2000a958        -       0x00004000   Zero   RW        10265    HEAP                startup_stm32f40xx.o
    0x2000e958        -       0x00002000   Zero   RW        10264    STACK               startup_stm32f40xx.o


==============================================================================

Image component sizes


      Code (inc. data)   RO Data    RW Data    ZI Data      Debug   Object Name

       514         26          0          0         14       2682   bsp_adc1_independent_dual.o
       346         20          0          6          0       2586   bsp_adc3_independent_dual.o
       128          6          0          0          0       1827   bsp_basic_tim6.o
      1352        588          0          1       5092       6425   bsp_bmp.o
        24          0          0          0          0       1941   bsp_exti.o
      3384        134          0         16      17536      33326   bsp_fsmc_lcd.o
      1026         18          0          0          0       1671   bsp_fsmc_sram.o
       126          0          0          0          0       1833   bsp_general_tim2.o
       128          4          0          0          0       1833   bsp_general_tim3.o
       184          4          0          0          0       1945   bsp_general_tim4.o
        92          4          0          0          0        753   bsp_general_tim5.o
        84          4          0          0          0        601   bsp_gpio_button.o
        92         10          0          0          0        598   bsp_gpio_led.o
        68         10          0          0          0        588   bsp_gpio_stick.o
      1746        134          0          4          0       9142   bsp_i2c_eeprom.o
       576         72          0          0          0       4846   bsp_i2c_mpu6050.o
      1106         66          0          0          0      10267   bsp_i2c_touch.o
       668         26          0          0          0       7233   bsp_mpu6050.o
       122          4          0          0          0       1166   bsp_mpu6050_exti.o
       528        204          0          0          0       2435   bsp_rtc.o
      4398        200          0         24        204      27655   bsp_sdio_sd.o
      1354        162          0          4          0      10296   bsp_spi_flash.o
       560         34          0         20          0       4356   bsp_spi_nrf.o
       104         20          0          8          0      28465   bsp_systick.o
       254         16          0          0          0       1885   bsp_usart_debug.o
       202         10          0          0          0       1258   bsp_usart_extra.o
       780         46          0          2        512       6360   bsp_usart_gps.o
       164         18     176320          0          0       4891   cc936.o
       322          0          0          0          0       2119   common.o
       160          4          0         16          0       3879   context.o
       530         14          0          0          0       6345   diskio.o
       536        272        167          0          0       1066   eeprom_test.o
      2284       1276        172        528      13564       4751   fatfs_flash_test.o
       976        662        167          0          0        788   fatfs_sdcard_test.o
     10142        126         58         12          0      51962   ff.o
       488        298        167          0       2048       1366   flash_test.o
       116         32      19760         17          0       2475   fonts.o
         0          0          0          0          0       3800   generate.o
       108         16          0          0          0        683   gmath.o
      1968        514        189         38          0      13868   gt9xx.o
      2048        886         80         20        616       5205   gui.o
        30          0          0          0          0       2169   info.o
      5922        312        156         53          0      35120   inv_mpu.o
      2770        132       3062          0         16      22038   inv_mpu_dmp_motion_driver.o
       436        132          0          0          0       8213   jpgport.o
      1240        502         82         25          0     401991   main.o
       412         54          4         16          0       5680   menu.o
       124         16          0          0          0       1819   misc.o
       634         16          0          4          0       3869   multi_button.o
       264         60          0          0        176       5645   multi_button_user.o
       204         50          0         24       1680       2555   nmea_decode_test.o
      2744        144          0         12        432      11710   palette.o
       256         62          0          0        120       3688   param.o
      4676       1154        238         52        256      24437   parse.o
      1440         52          0          0          0       6474   parser.o
       124         90          0         16         64       1412   platform_nrf.o
       400        162          0          0          0       1423   sram_test.o
        36          8        392          0      24576        836   startup_stm32f40xx.o
       334         20          0          0          0       6956   stm32f4xx_adc.o
       668         66          0          0          0       8069   stm32f4xx_dma.o
       148         16          0          0          0       2520   stm32f4xx_exti.o
       268         16          0          0          0       2309   stm32f4xx_fsmc.o
       178          0          0          0          0       3971   stm32f4xx_gpio.o
       336         10          0          0          0       6904   stm32f4xx_i2c.o
       782        122          0         21          0      12812   stm32f4xx_it.o
        12          6          0          0          0        594   stm32f4xx_pwr.o
       476         72          0         16          0      10005   stm32f4xx_rcc.o
       802         60          0          0          0       9674   stm32f4xx_rtc.o
       344         80          0          0          0      11918   stm32f4xx_sdio.o
       102          0          0          0          0       3970   stm32f4xx_spi.o
        44          6          0          0          0        732   stm32f4xx_syscfg.o
      1102         80          0          0          0      15838   stm32f4xx_tim.o
       380          8          0          0          0       7064   stm32f4xx_usart.o
       276         34          0         20          0       1873   system_stm32f4xx.o
        22          0          0          0          0       1420   time.o
      3252         50       1216          0          0      16365   tjpgd.o
       534         10          0          0          0       2941   tok.o

    ----------------------------------------------------------------------
     71636       9542     202280        996      66916     942185   Object Totals
         0          0         32          0          0          0   (incl. Generated)
        76          0         18         21         10          0   (incl. Padding)

    ----------------------------------------------------------------------

      Code (inc. data)   RO Data    RW Data    ZI Data      Debug   Library Member Name

       864         94         80          0          0        280   asin.o
       744        106        152          0          0        352   atan.o
       512         64          0          0          0        208   atan2.o
       104         16          0          0          0        496   dunder.o
        24          0          0          0          0        124   fabs.o
        48          0          0          0          0        124   fpclassify.o
       248          0          0          0          0        152   poly.o
         0          0          8          0          0          0   qnan.o
       110          0          0          0          0        148   sqrt.o
        40         10          0          0          0        128   strtod.o
        86          0          0          0          0          0   __dczerorl2.o
        28          0          0          0          0         68   _chval.o
        64          0          0          0          0         84   _sgetc.o
       158          0          0          0          0         92   _strtoul.o
         8          4        133          0          0         68   ctype_o.o
         0          0          0          0          0          0   entry.o
         0          0          0          0          0          0   entry10a.o
         0          0          0          0          0          0   entry11a.o
         4          0          0          0          0          0   entry12b.o
         8          4          0          0          0          0   entry2.o
         4          0          0          0          0          0   entry5.o
         0          0          0          0          0          0   entry7b.o
         0          0          0          0          0          0   entry8b.o
         8          4          0          0          0          0   entry9a.o
        20         10          0          4          0        136   errno.o
        30          0          0          0          0          0   handlers.o
        36          8          0          0          0         68   init.o
        18          0          0          0          0         76   isspace_o.o
         0          0          0          0          0          0   iusefp.o
        98          0          0          0          0         84   ldiv.o
        30          0          0          0          0         68   llshl.o
        36          0          0          0          0         68   llsshr.o
        32          0          0          0          0         68   llushr.o
       188         20          0          0          0        160   malloc.o
        20          0          0          0          0         68   memchr.o
        26          0          0          0          0         80   memcmp.o
        36          0          0          0          0         68   memcpya.o
        36          0          0          0          0        108   memseta.o
         0          0          0          8          0          0   mvars.o
      2342        102          0          0          0        764   printfa.o
       878         12          0          0          0        216   scanf_fp.o
         0          0          0          4          0          0   stdout.o
        18          0          0          0          0         68   strcpy.o
        14          0          0          0          0         68   strlen.o
       156         12          0          0          0        120   strtod.o
       112          0          0          0          0         88   strtol.o
        44          0          0          0          0         80   uidiv.o
        98          0          0          0          0         92   uldiv.o
        48          0          0          0          0         68   cdcmple.o
        48          0          0          0          0         68   cdrcmple.o
        56          0          0          0          0         88   d2f.o
       334          0          0          0          0        148   dadd.o
       222          0          0          0          0        100   ddiv.o
       186          0          0          0          0        176   depilogue.o
        62          0          0          0          0         80   dfixi.o
        48          0          0          0          0         68   dfixul.o
        34          0          0          0          0         76   dflti.o
        24          0          0          0          0         76   dfltul.o
       228          0          0          0          0         96   dmul.o
       162          0          0          0          0        100   dsqrt.o
        38          0          0          0          0         68   f2d.o
       110          0          0          0          0        168   fepilogue.o

    ----------------------------------------------------------------------
      8944        466        376         16          0       6252   Library Totals
        14          0          3          0          0          0   (incl. Padding)

    ----------------------------------------------------------------------

      Code (inc. data)   RO Data    RW Data    ZI Data      Debug   Library Name

      2694        290        240          0          0       2012   m_wm.l
      4636        176        133         16          0       2860   mc_w.l
      1600          0          0          0          0       1380   mf_w.l

    ----------------------------------------------------------------------
      8944        466        376         16          0       6252   Library Totals

    ----------------------------------------------------------------------

==============================================================================


      Code (inc. data)   RO Data    RW Data    ZI Data      Debug   

     80580      10008     202656       1012      66916     890281   Grand Totals
     80580      10008     202656        208      66916     890281   ELF Image Totals (compressed)
     80580      10008     202656        208          0          0   ROM Totals

==============================================================================

    Total RO  Size (Code + RO Data)               283236 ( 276.60kB)
    Total RW  Size (RW Data + ZI Data)             67928 (  66.34kB)
    Total ROM Size (Code + RO Data + RW Data)     283444 ( 276.80kB)

==============================================================================

